Archive member included to satisfy reference by file (symbol)

/opt/arm-toolchain/bin/../lib/gcc/arm-none-eabi/12.3.1/thumb/v7e-m/nofp/libgcc.a(_aeabi_ldivmod.o)
                              build/core/drivers/hal/stm32f4xx_hal_rcc.o (__aeabi_ldivmod)
/opt/arm-toolchain/bin/../lib/gcc/arm-none-eabi/12.3.1/thumb/v7e-m/nofp/libgcc.a(_aeabi_uldivmod.o)
                              build/core/drivers/hal/stm32f4xx_hal_rcc.o (__aeabi_uldivmod)
/opt/arm-toolchain/bin/../lib/gcc/arm-none-eabi/12.3.1/thumb/v7e-m/nofp/libgcc.a(_udivmoddi4.o)
                              /opt/arm-toolchain/bin/../lib/gcc/arm-none-eabi/12.3.1/thumb/v7e-m/nofp/libgcc.a(_aeabi_ldivmod.o) (__udivmoddi4)
/opt/arm-toolchain/bin/../lib/gcc/arm-none-eabi/12.3.1/thumb/v7e-m/nofp/libgcc.a(_dvmd_tls.o)
                              /opt/arm-toolchain/bin/../lib/gcc/arm-none-eabi/12.3.1/thumb/v7e-m/nofp/libgcc.a(_aeabi_ldivmod.o) (__aeabi_ldiv0)
/opt/arm-toolchain/bin/../lib/gcc/arm-none-eabi/12.3.1/../../../../arm-none-eabi/lib/thumb/v7e-m/nofp/libg.a(libc_a-memset.o)
                              build/core/FreeRTOS/tasks.o (memset)
/opt/arm-toolchain/bin/../lib/gcc/arm-none-eabi/12.3.1/../../../../arm-none-eabi/lib/thumb/v7e-m/nofp/libg.a(libc_a-init.o)
                              /var/folders/04/jztsv_x90bb4cpyfwy71xpk80000gn/T//cc0Zucvr.o (__libc_init_array)
/opt/arm-toolchain/bin/../lib/gcc/arm-none-eabi/12.3.1/../../../../arm-none-eabi/lib/thumb/v7e-m/nofp/libg.a(libc_a-memcpy.o)
                              build/core/FreeRTOS/queue.o (memcpy)
/opt/arm-toolchain/bin/../lib/gcc/arm-none-eabi/12.3.1/../../../../arm-none-eabi/lib/thumb/v7e-m/nofp/libg.a(libc_a-strlen.o)
                              build/core/FreeRTOS/tasks.o (strlen)

Discarded input sections

 .group         0x00000000        0xc build/core/FreeRTOS/tasks.o
 .group         0x00000000        0xc build/core/FreeRTOS/tasks.o
 .group         0x00000000        0xc build/core/FreeRTOS/tasks.o
 .group         0x00000000        0xc build/core/FreeRTOS/tasks.o
 .group         0x00000000        0xc build/core/FreeRTOS/tasks.o
 .group         0x00000000        0xc build/core/FreeRTOS/tasks.o
 .group         0x00000000        0xc build/core/FreeRTOS/tasks.o
 .group         0x00000000        0xc build/core/FreeRTOS/tasks.o
 .group         0x00000000        0xc build/core/FreeRTOS/tasks.o
 .group         0x00000000        0xc build/core/FreeRTOS/tasks.o
 .group         0x00000000        0xc build/core/FreeRTOS/tasks.o
 .group         0x00000000        0xc build/core/FreeRTOS/tasks.o
 .group         0x00000000        0xc build/core/FreeRTOS/tasks.o
 .group         0x00000000        0xc build/core/FreeRTOS/tasks.o
 .group         0x00000000        0xc build/core/FreeRTOS/tasks.o
 .group         0x00000000        0xc build/core/FreeRTOS/tasks.o
 .group         0x00000000        0xc build/core/FreeRTOS/tasks.o
 .group         0x00000000        0xc build/core/FreeRTOS/tasks.o
 .group         0x00000000        0xc build/core/FreeRTOS/tasks.o
 .group         0x00000000        0xc build/core/FreeRTOS/tasks.o
 .group         0x00000000        0xc build/core/FreeRTOS/tasks.o
 .group         0x00000000        0xc build/core/FreeRTOS/tasks.o
 .group         0x00000000        0xc build/core/FreeRTOS/tasks.o
 .group         0x00000000        0xc build/core/FreeRTOS/tasks.o
 .group         0x00000000        0xc build/core/FreeRTOS/tasks.o
 .group         0x00000000        0xc build/core/FreeRTOS/tasks.o
 .group         0x00000000        0xc build/core/FreeRTOS/tasks.o
 .group         0x00000000        0xc build/core/FreeRTOS/tasks.o
 .group         0x00000000        0xc build/core/FreeRTOS/tasks.o
 .group         0x00000000        0xc build/core/FreeRTOS/tasks.o
 .group         0x00000000        0xc build/core/FreeRTOS/tasks.o
 .group         0x00000000        0xc build/core/FreeRTOS/tasks.o
 .group         0x00000000        0xc build/core/FreeRTOS/tasks.o
 .group         0x00000000        0xc build/core/FreeRTOS/tasks.o
 .group         0x00000000        0xc build/core/FreeRTOS/tasks.o
 .group         0x00000000        0xc build/core/FreeRTOS/tasks.o
 .group         0x00000000        0xc build/core/FreeRTOS/queue.o
 .group         0x00000000        0xc build/core/FreeRTOS/queue.o
 .group         0x00000000        0xc build/core/FreeRTOS/queue.o
 .group         0x00000000        0xc build/core/FreeRTOS/queue.o
 .group         0x00000000        0xc build/core/FreeRTOS/queue.o
 .group         0x00000000        0xc build/core/FreeRTOS/queue.o
 .group         0x00000000        0xc build/core/FreeRTOS/queue.o
 .group         0x00000000        0xc build/core/FreeRTOS/queue.o
 .group         0x00000000        0xc build/core/FreeRTOS/queue.o
 .group         0x00000000        0xc build/core/FreeRTOS/queue.o
 .group         0x00000000        0xc build/core/FreeRTOS/queue.o
 .group         0x00000000        0xc build/core/FreeRTOS/queue.o
 .group         0x00000000        0xc build/core/FreeRTOS/queue.o
[...]
Memory Configuration

Name             Origin             Length             Attributes
RAM              0x20000000         0x00010000         xrw
ROM              0x08000000         0x00040000         xr
*default*        0x00000000         0xffffffff

Linker script and memory map

LOAD /opt/arm-toolchain/bin/../lib/gcc/arm-none-eabi/12.3.1/../../../../arm-none-eabi/lib/thumb/v7e-m/nofp/libc.a
LOAD /opt/arm-toolchain/bin/../lib/gcc/arm-none-eabi/12.3.1/../../../../arm-none-eabi/lib/thumb/v7e-m/nofp/librdimon.a
LOAD build/core/FreeRTOS/tasks.o
LOAD build/core/FreeRTOS/queue.o
LOAD build/core/FreeRTOS/list.o
LOAD build/core/scheduler/scheduler.o
LOAD build/core/scheduler/task_config.o
LOAD build/domains/Battery/Battery.o
LOAD build/core/drivers/hal/stm32f4xx_hal.o
LOAD build/core/drivers/hal/stm32f4xx_hal_gpio.o
LOAD build/core/drivers/hal/stm32f4xx_hal_rcc.o
LOAD build/core/FreeRTOS/portable/port.o
LOAD build/core/FreeRTOS/portable/heap_4.o
LOAD build/config/FreeRTOSHooks.o
LOAD build/core/drivers/hal/system_stm32f4xx.o
LOAD /var/folders/04/jztsv_x90bb4cpyfwy71xpk80000gn/T//cc0Zucvr.o
LOAD build/core/FreeRTOS/timers.o
LOAD build/main.o
LOAD build/core/drivers/hal/stm32f4xx_hal_cortex.o
LOAD /var/folders/04/jztsv_x90bb4cpyfwy71xpk80000gn/T//cc2agWVp.o
LOAD /var/folders/04/jztsv_x90bb4cpyfwy71xpk80000gn/T//ccC9w40I.o
LOAD /var/folders/04/jztsv_x90bb4cpyfwy71xpk80000gn/T//ccsMju15.o
LOAD /var/folders/04/jztsv_x90bb4cpyfwy71xpk80000gn/T//ccPNq6eZ.o
LOAD /var/folders/04/jztsv_x90bb4cpyfwy71xpk80000gn/T//ccXPumeZ.o
LOAD /var/folders/04/jztsv_x90bb4cpyfwy71xpk80000gn/T//ccapfSp7.o
LOAD /var/folders/04/jztsv_x90bb4cpyfwy71xpk80000gn/T//ccY1wxQT.o
LOAD /var/folders/04/jztsv_x90bb4cpyfwy71xpk80000gn/T//ccTpQVg3.o
LOAD /var/folders/04/jztsv_x90bb4cpyfwy71xpk80000gn/T//ccrEbzjD.o
LOAD /var/folders/04/jztsv_x90bb4cpyfwy71xpk80000gn/T//cco8Ou8s.o
LOAD /var/folders/04/jztsv_x90bb4cpyfwy71xpk80000gn/T//ccOnSDms.o
LOAD /var/folders/04/jztsv_x90bb4cpyfwy71xpk80000gn/T//ccf0xb3i.o
LOAD /var/folders/04/jztsv_x90bb4cpyfwy71xpk80000gn/T//ccjDkp9Q.o
LOAD build/core/drivers/hal/startup_stm32f401xc.o
LOAD /var/folders/04/jztsv_x90bb4cpyfwy71xpk80000gn/T//ccW2Bneg.o
LOAD /var/folders/04/jztsv_x90bb4cpyfwy71xpk80000gn/T//ccyGLtid.o
LOAD /var/folders/04/jztsv_x90bb4cpyfwy71xpk80000gn/T//cc3KoXZN.o
START GROUP
LOAD /opt/arm-toolchain/bin/../lib/gcc/arm-none-eabi/12.3.1/thumb/v7e-m/nofp/libgcc.a
LOAD /opt/arm-toolchain/bin/../lib/gcc/arm-none-eabi/12.3.1/../../../../arm-none-eabi/lib/thumb/v7e-m/nofp/libg.a
LOAD /opt/arm-toolchain/bin/../lib/gcc/arm-none-eabi/12.3.1/../../../../arm-none-eabi/lib/thumb/v7e-m/nofp/libc.a
END GROUP
START GROUP
LOAD /opt/arm-toolchain/bin/../lib/gcc/arm-none-eabi/12.3.1/thumb/v7e-m/nofp/libgcc.a
LOAD /opt/arm-toolchain/bin/../lib/gcc/arm-none-eabi/12.3.1/../../../../arm-none-eabi/lib/thumb/v7e-m/nofp/libc.a
LOAD /opt/arm-toolchain/bin/../lib/gcc/arm-none-eabi/12.3.1/../../../../arm-none-eabi/lib/thumb/v7e-m/nofp/libnosys.a
END GROUP
                0x20010000                        _estack = (ORIGIN (RAM) + LENGTH (RAM))
                0x00000200                        _Min_Heap_Size = 0x200
                0x00000400                        _Min_Stack_Size = 0x400

.isr_vector     0x08000000      0x328
                0x08000000                        . = ALIGN (0x4)
 *(.isr_vector)
 .isr_vector    0x08000000      0x194 /var/folders/04/jztsv_x90bb4cpyfwy71xpk80000gn/T//cc0Zucvr.o
                0x08000000                g_pfnVectors
 .isr_vector    0x08000194      0x194 build/core/drivers/hal/startup_stm32f401xc.o
                0x08000328                        . = ALIGN (0x4)

.text           0x08000340     0x97e8
                0x08000340                        . = ALIGN (0x4)
 *(.text)
 .text          0x08000340     0x1c10 build/core/FreeRTOS/tasks.o
                0x080007a4                xTaskCreateStatic
                0x08000828                xTaskCreate
                0x0800088c                vTaskDelete
                0x08000968                eTaskGetState
                0x080009dc                uxTaskPriorityGet
                0x08000a04                uxTaskPriorityGetFromISR
                0x08000a3c                vTaskPrioritySet
                0x08000b1c                vTaskResume
                0x08000bbc                xTaskResumeFromISR
                0x08000c9c                vTaskStartScheduler
                0x08000d24                vTaskEndScheduler
                0x08000d44                vTaskSuspendAll
                0x08000d58                xTaskResumeAll
                0x08000eb0                xTaskDelayUntil
                0x08000f38                vTaskDelay
                0x08000f84                xTaskGetTickCount
                0x08000f90                xTaskGetTickCountFromISR
                0x08000fa4                uxTaskGetNumberOfTasks
                0x08000fb0                pcTaskGetName
                0x08000fd8                xTaskGetHandle
                0x08001068                xTaskGetIdleTaskHandle
                0x08001084                xTaskCatchUpTicks
                0x080010c0                xTaskAbortDelay
                0x08001168                xTaskIncrementTick
                0x08001190                vTaskSwitchContext
                0x080011f4                vTaskSuspend
                0x080012b0                vTaskPlaceOnEventList
                0x080012e0                vTaskPlaceOnUnorderedEventList
                0x0800133c                vTaskPlaceOnEventListRestricted
                0x080013a0                xTaskRemoveFromEventList
                0x08001464                vTaskRemoveFromUnorderedEventList
                0x0800151c                vTaskSetTimeOutState
                0x08001548                vTaskInternalSetTimeOutState
                0x0800155c                xTaskCheckForTimeOut
                0x080015dc                vTaskMissedYield
                0x080015ec                uxTaskGetTaskNumber
                0x080015f4                vTaskSetTaskNumber
                0x080015fc                vTaskGetInfo
                0x080016e0                uxTaskGetSystemState
                0x080017bc                uxTaskGetStackHighWaterMark2
                0x080017f4                uxTaskGetStackHighWaterMark
                0x0800182c                xTaskGetCurrentTaskHandle
                0x08001838                xTaskGetSchedulerState
                0x08001858                xTaskPriorityInherit
                0x080018e8                xTaskPriorityDisinherit
                0x08001968                vTaskPriorityDisinheritAfterTimeout
                0x08001a04                uxTaskResetEventItemValue
                0x08001a1c                pvTaskIncrementMutexHeldCount
                0x08001a34                ulTaskGenericNotifyTake
                0x08001ac0                xTaskGenericNotifyWait
                0x08001b70                xTaskGenericNotify
                0x08001c88                xTaskGenericNotifyFromISR
                0x08001dd8                vTaskGenericNotifyGiveFromISR
                0x08001ee4                xTaskGenericNotifyStateClear
                0x08001f20                ulTaskGenericNotifyValueClear
 .text          0x08001f50      0xde4 build/core/FreeRTOS/queue.o
                0x08002050                xQueueGenericReset
                0x080020d8                xQueueGenericCreateStatic
                0x08002148                xQueueGenericCreate
                0x080021a4                xQueueGetMutexHolder
                0x080021cc                xQueueGetMutexHolderFromISR
                0x080021e4                xQueueCreateCountingSemaphoreStatic
                0x08002240                xQueueCreateCountingSemaphore
                0x08002260                xQueueGenericSend
                0x080023d4                xQueueCreateMutexStatic
                0x08002430                xQueueGiveMutexRecursive
                0x08002464                xQueueCreateMutex
                0x080024a0                xQueueGenericSendFromISR
                0x08002550                xQueueGiveFromISR
                0x080025ec                xQueueReceive
                0x08002734                xQueueSemaphoreTake
                0x080028ac                xQueueTakeMutexRecursive
                0x080028e0                xQueuePeek
                0x08002a24                xQueueReceiveFromISR
                0x08002ad8                xQueuePeekFromISR
                0x08002b44                uxQueueMessagesWaiting
                0x08002b6c                uxQueueSpacesAvailable
                0x08002b8c                uxQueueMessagesWaitingFromISR
                0x08002ba0                vQueueDelete
                0x08002be4                uxQueueGetQueueNumber
                0x08002be8                vQueueSetQueueNumber
                0x08002bec                ucQueueGetQueueType
                0x08002bf4                xQueueIsQueueEmptyFromISR
                0x08002c14                xQueueIsQueueFullFromISR
                0x08002c30                vQueueAddToRegistry
                0x08002c84                pcQueueGetName
                0x08002cb4                vQueueUnregisterQueue
                0x08002ce4                vQueueWaitForMessageRestricted
 .text          0x08002d34       0x90 build/core/FreeRTOS/list.o
                0x08002d34                vListInitialise
                0x08002d4c                vListInitialiseItem
                0x08002d54                vListInsertEnd
                0x08002d70                vListInsert
                0x08002da0                uxListRemove
 .text          0x08002dc4       0x10 build/core/scheduler/scheduler.o
                0x08002dc4                Scheduler_Init
                0x08002dc8                Scheduler_Start
                0x08002dd0                Scheduler_AddTask
 .text          0x08002dd4       0x2c build/core/scheduler/task_config.o
                0x08002dd4                TaskConfig_Init
 .text          0x08002e00       0x1c build/domains/Battery/Battery.o
                0x08002e00                BatteryTask
 .text          0x08002e1c      0x224 build/core/drivers/hal/stm32f4xx_hal.o
                0x08002e1c                HAL_MspInit
                0x08002e20                HAL_MspDeInit
                0x08002e24                HAL_DeInit
                0x08002e64                HAL_InitTick
                0x08002ea8                HAL_Init
                0x08002ed4                HAL_IncTick
                0x08002eec                HAL_GetTick
                0x08002ef8                HAL_GetTickPrio
                0x08002f04                HAL_SetTickFreq
                0x08002f28                HAL_GetTickFreq
                0x08002f34                HAL_Delay
                0x08002f58                HAL_SuspendTick
                0x08002f68                HAL_ResumeTick
                0x08002f78                HAL_GetHalVersion
                0x08002f80                HAL_GetREVID
                0x08002f8c                HAL_GetDEVID
                0x08002f9c                HAL_DBGMCU_EnableDBGSleepMode
                0x08002fac                HAL_DBGMCU_DisableDBGSleepMode
                0x08002fbc                HAL_DBGMCU_EnableDBGStopMode
                0x08002fcc                HAL_DBGMCU_DisableDBGStopMode
                0x08002fdc                HAL_DBGMCU_EnableDBGStandbyMode
                0x08002fec                HAL_DBGMCU_DisableDBGStandbyMode
                0x08002ffc                HAL_EnableCompensationCell
                0x0800300c                HAL_DisableCompensationCell
                0x0800301c                HAL_GetUIDw0
                0x08003028                HAL_GetUIDw1
                0x08003034                HAL_GetUIDw2
 .text          0x08003040      0x380 build/core/drivers/hal/stm32f4xx_hal_gpio.o
                0x08003040                HAL_GPIO_Init
                0x08003228                HAL_GPIO_DeInit
                0x08003350                HAL_GPIO_ReadPin
                0x0800335c                HAL_GPIO_WritePin
                0x08003364                HAL_GPIO_TogglePin
                0x08003378                HAL_GPIO_LockPin
                0x080033a4                HAL_GPIO_EXTI_Callback
                0x080033a8                HAL_GPIO_EXTI_IRQHandler
 .text          0x080033c0      0x75c build/core/drivers/hal/stm32f4xx_hal_rcc.o
                0x080033c0                HAL_RCC_DeInit
                0x080033c4                HAL_RCC_OscConfig
                0x08003788                HAL_RCC_MCOConfig
                0x08003828                HAL_RCC_EnableCSS
                0x08003834                HAL_RCC_DisableCSS
                0x08003840                HAL_RCC_GetSysClockFreq
                0x080038a8                HAL_RCC_ClockConfig
                0x080039e4                HAL_RCC_GetHCLKFreq
                0x080039f0                HAL_RCC_GetPCLK1Freq
                0x08003a10                HAL_RCC_GetPCLK2Freq
                0x08003a30                HAL_RCC_GetOscConfig
                0x08003abc                HAL_RCC_GetClockConfig
                0x08003afc                HAL_RCC_CSSCallback
                0x08003b00                HAL_RCC_NMI_IRQHandler
 *fill*         0x08003b1c        0x4 
 .text          0x08003b20      0x2a0 build/core/FreeRTOS/portable/port.o
                0x08003b74                pxPortInitialiseStack
                0x08003b98                vPortSVCHandler
                0x08003bc4                vPortEndScheduler
                0x08003bd8                vPortEnterCritical
                0x08003c0c                vPortExitCritical
                0x08003c2c                xPortPendSVHandler
                0x08003c74                xPortSysTickHandler
                0x08003ca0                vPortSetupTimerInterrupt
                0x08003cb8                xPortStartScheduler
                0x08003d7c                vPortValidateInterruptPriority
 .text          0x08003dc0      0x298 build/core/FreeRTOS/portable/heap_4.o
                0x08003e10                pvPortMalloc
                0x08003f20                vPortFree
                0x08003f9c                xPortGetFreeHeapSize
                0x08003fa8                xPortGetMinimumEverFreeHeapSize
                0x08003fb4                vPortInitialiseBlocks
                0x08003fb8                pvPortCalloc
                0x08003fe4                vPortGetHeapStats
 .text          0x08004058       0x48 build/config/FreeRTOSHooks.o
                0x08004058                vAssertCalled
                0x0800405c                vApplicationIdleHook
                0x08004060                vApplicationTickHook
                0x08004064                vApplicationMallocFailedHook
                0x08004068                vApplicationGetIdleTaskMemory
                0x08004084                vApplicationGetTimerTaskMemory
 .text          0x080040a0       0x74 build/core/drivers/hal/system_stm32f4xx.o
                0x080040a0                SystemInit
                0x080040a4                SystemCoreClockUpdate
 .text          0x08004114       0x14 /var/folders/04/jztsv_x90bb4cpyfwy71xpk80000gn/T//cc0Zucvr.o
 .text          0x08004128      0x63c build/core/FreeRTOS/timers.o
                0x08004434                xTimerCreateTimerTask
                0x0800448c                xTimerCreate
                0x080044dc                xTimerCreateStatic
                0x08004548                xTimerGenericCommand
                0x080045b8                xTimerGetTimerDaemonTaskHandle
                0x080045d4                xTimerGetPeriod
                0x080045e8                vTimerSetReloadMode
                0x08004620                xTimerGetReloadMode
                0x08004640                uxTimerGetReloadMode
                0x08004660                xTimerGetExpiryTime
                0x08004674                pcTimerGetName
                0x08004688                xTimerIsTimerActive
                0x080046a8                pvTimerGetTimerID
                0x080046d0                vTimerSetTimerID
                0x080046f8                xTimerPendFunctionCallFromISR
                0x08004720                xTimerPendFunctionCall
                0x0800475c                uxTimerGetTimerNumber
                0x08004760                vTimerSetTimerNumber
 .text          0x08004764        0x4 build/main.o
                0x08004764                main_task
 .text          0x08004768      0x2f4 build/core/drivers/hal/stm32f4xx_hal_cortex.o
                0x08004768                HAL_NVIC_SetPriorityGrouping
                0x0800478c                HAL_NVIC_SetPriority
                0x08004804                HAL_NVIC_EnableIRQ
                0x08004820                HAL_NVIC_DisableIRQ
                0x08004844                HAL_NVIC_SystemReset
                0x08004868                HAL_SYSTICK_Config
                0x08004898                HAL_MPU_Disable
                0x080048b4                HAL_MPU_Enable
                0x080048d4                HAL_MPU_ConfigRegion
                0x08004938                HAL_CORTEX_ClearEvent
                0x08004940                HAL_NVIC_GetPriorityGrouping
                0x08004950                HAL_NVIC_GetPriority
                0x080049b8                HAL_NVIC_SetPendingIRQ
                0x080049d4                HAL_NVIC_GetPendingIRQ
                0x080049f8                HAL_NVIC_ClearPendingIRQ
                0x08004a14                HAL_NVIC_GetActive
                0x08004a38                HAL_SYSTICK_CLKSourceConfig
                0x08004a50                HAL_SYSTICK_Callback
                0x08004a54                HAL_SYSTICK_IRQHandler
 .text          0x08004a5c        0x0 /var/folders/04/jztsv_x90bb4cpyfwy71xpk80000gn/T//cc2agWVp.o
 .text          0x08004a5c        0x0 /var/folders/04/jztsv_x90bb4cpyfwy71xpk80000gn/T//ccC9w40I.o
 .text          0x08004a5c        0x0 /var/folders/04/jztsv_x90bb4cpyfwy71xpk80000gn/T//ccsMju15.o
 .text          0x08004a5c        0x0 /var/folders/04/jztsv_x90bb4cpyfwy71xpk80000gn/T//ccPNq6eZ.o
 .text          0x08004a5c        0x0 /var/folders/04/jztsv_x90bb4cpyfwy71xpk80000gn/T//ccXPumeZ.o
 .text          0x08004a5c        0x0 /var/folders/04/jztsv_x90bb4cpyfwy71xpk80000gn/T//ccapfSp7.o
 .text          0x08004a5c        0x0 /var/folders/04/jztsv_x90bb4cpyfwy71xpk80000gn/T//ccY1wxQT.o
 .text          0x08004a5c        0x0 /var/folders/04/jztsv_x90bb4cpyfwy71xpk80000gn/T//ccTpQVg3.o
 .text          0x08004a5c        0x0 /var/folders/04/jztsv_x90bb4cpyfwy71xpk80000gn/T//ccrEbzjD.o
 .text          0x08004a5c        0x0 /var/folders/04/jztsv_x90bb4cpyfwy71xpk80000gn/T//cco8Ou8s.o
 .text          0x08004a5c        0x0 /var/folders/04/jztsv_x90bb4cpyfwy71xpk80000gn/T//ccOnSDms.o
 .text          0x08004a5c        0x0 /var/folders/04/jztsv_x90bb4cpyfwy71xpk80000gn/T//ccf0xb3i.o
 .text          0x08004a5c        0x0 /var/folders/04/jztsv_x90bb4cpyfwy71xpk80000gn/T//ccjDkp9Q.o
 .text          0x08004a5c       0x14 build/core/drivers/hal/startup_stm32f401xc.o
 .text          0x08004a70        0x0 /var/folders/04/jztsv_x90bb4cpyfwy71xpk80000gn/T//ccW2Bneg.o
 .text          0x08004a70        0x0 /var/folders/04/jztsv_x90bb4cpyfwy71xpk80000gn/T//ccyGLtid.o
 .text          0x08004a70        0x0 /var/folders/04/jztsv_x90bb4cpyfwy71xpk80000gn/T//cc3KoXZN.o
 .text          0x08004a70       0xa0 /opt/arm-toolchain/bin/../lib/gcc/arm-none-eabi/12.3.1/thumb/v7e-m/nofp/libgcc.a(_aeabi_ldivmod.o)
                0x08004a70                __aeabi_ldivmod
 .text          0x08004b10       0x30 /opt/arm-toolchain/bin/../lib/gcc/arm-none-eabi/12.3.1/thumb/v7e-m/nofp/libgcc.a(_aeabi_uldivmod.o)
                0x08004b10                __aeabi_uldivmod
 .text          0x08004b40        0x0 /opt/arm-toolchain/bin/../lib/gcc/arm-none-eabi/12.3.1/thumb/v7e-m/nofp/libgcc.a(_udivmoddi4.o)
 .text          0x08004b40        0x4 /opt/arm-toolchain/bin/../lib/gcc/arm-none-eabi/12.3.1/thumb/v7e-m/nofp/libgcc.a(_dvmd_tls.o)
                0x08004b40                __aeabi_ldiv0
                0x08004b40                __aeabi_idiv0
 .text          0x08004b44        0x0 /opt/arm-toolchain/bin/../lib/gcc/arm-none-eabi/12.3.1/../../../../arm-none-eabi/lib/thumb/v7e-m/nofp/libg.a(libc_a-memset.o)
 .text          0x08004b44        0x0 /opt/arm-toolchain/bin/../lib/gcc/arm-none-eabi/12.3.1/../../../../arm-none-eabi/lib/thumb/v7e-m/nofp/libg.a(libc_a-init.o)
 .text          0x08004b44      0x134 /opt/arm-toolchain/bin/../lib/gcc/arm-none-eabi/12.3.1/../../../../arm-none-eabi/lib/thumb/v7e-m/nofp/libg.a(libc_a-memcpy.o)
                0x08004b44                memcpy
 *fill*         0x08004c78        0x8 
 .text          0x08004c80       0xd8 /opt/arm-toolchain/bin/../lib/gcc/arm-none-eabi/12.3.1/../../../../arm-none-eabi/lib/thumb/v7e-m/nofp/libg.a(libc_a-strlen.o)
                0x08004c80                strlen
 *(.text*)
 .text.Reset_Handler
                0x08004d58       0x50 /var/folders/04/jztsv_x90bb4cpyfwy71xpk80000gn/T//cc0Zucvr.o
                0x08004d58                Reset_Handler
 .text.Default_Handler
                0x08004da8        0x2 /var/folders/04/jztsv_x90bb4cpyfwy71xpk80000gn/T//cc0Zucvr.o
                0x08004da8                DMA1_Stream3_IRQHandler
                0x08004da8                EXTI2_IRQHandler
                0x08004da8                DebugMon_Handler
                0x08004da8                SPI4_IRQHandler
                0x08004da8                TIM1_CC_IRQHandler
                0x08004da8                DMA2_Stream5_IRQHandler
                0x08004da8                HardFault_Handler
                0x08004da8                DMA1_Stream5_IRQHandler
                0x08004da8                SysTick_Handler
                0x08004da8                PVD_IRQHandler
                0x08004da8                SDIO_IRQHandler
                0x08004da8                TAMP_STAMP_IRQHandler
                0x08004da8                PendSV_Handler
                0x08004da8                NMI_Handler
                0x08004da8                EXTI3_IRQHandler
                0x08004da8                TIM1_UP_TIM10_IRQHandler
                0x08004da8                I2C3_ER_IRQHandler
                0x08004da8                EXTI0_IRQHandler
                0x08004da8                I2C2_EV_IRQHandler
                0x08004da8                DMA1_Stream2_IRQHandler
                0x08004da8                FPU_IRQHandler
                0x08004da8                UsageFault_Handler
                0x08004da8                DMA2_Stream2_IRQHandler
                0x08004da8                SPI1_IRQHandler
                0x08004da8                TIM1_BRK_TIM9_IRQHandler
                0x08004da8                DMA2_Stream3_IRQHandler
                0x08004da8                USART6_IRQHandler
                0x08004da8                DMA2_Stream0_IRQHandler
                0x08004da8                TIM4_IRQHandler
                0x08004da8                I2C1_EV_IRQHandler
                0x08004da8                DMA1_Stream6_IRQHandler
                0x08004da8                DMA1_Stream1_IRQHandler
                0x08004da8                TIM3_IRQHandler
                0x08004da8                RCC_IRQHandler
                0x08004da8                Default_Handler
                0x08004da8                EXTI15_10_IRQHandler
                0x08004da8                ADC_IRQHandler
                0x08004da8                DMA1_Stream7_IRQHandler
                0x08004da8                TIM5_IRQHandler
                0x08004da8                DMA2_Stream7_IRQHandler
                0x08004da8                I2C3_EV_IRQHandler
                0x08004da8                EXTI9_5_IRQHandler
                0x08004da8                RTC_WKUP_IRQHandler
                0x08004da8                SPI2_IRQHandler
                0x08004da8                MemManage_Handler
                0x08004da8                DMA1_Stream0_IRQHandler
                0x08004da8                SVC_Handler
                0x08004da8                EXTI4_IRQHandler
                0x08004da8                WWDG_IRQHandler
                0x08004da8                TIM2_IRQHandler
                0x08004da8                OTG_FS_WKUP_IRQHandler
                0x08004da8                TIM1_TRG_COM_TIM11_IRQHandler
                0x08004da8                EXTI1_IRQHandler
                0x08004da8                USART2_IRQHandler
                0x08004da8                I2C2_ER_IRQHandler
                0x08004da8                DMA2_Stream1_IRQHandler
                0x08004da8                FLASH_IRQHandler
                0x08004da8                DMA2_Stream4_IRQHandler
                0x08004da8                BusFault_Handler
                0x08004da8                USART1_IRQHandler
                0x08004da8                OTG_FS_IRQHandler
                0x08004da8                SPI3_IRQHandler
                0x08004da8                DMA1_Stream4_IRQHandler
                0x08004da8                I2C1_ER_IRQHandler
                0x08004da8                DMA2_Stream6_IRQHandler
                0x08004da8                RTC_Alarm_IRQHandler
 *fill*         0x08004daa        0x2 
 .text.startup  0x08004dac       0x24 build/main.o
                0x08004dac                main
 .text.prvSearchForNameWithinSingleList
                0x08004dd0       0x58 /var/folders/04/jztsv_x90bb4cpyfwy71xpk80000gn/T//cc2agWVp.o
 .text.prvAddNewTaskToReadyList
                0x08004e28      0x12c /var/folders/04/jztsv_x90bb4cpyfwy71xpk80000gn/T//cc2agWVp.o
 .text.prvAddCurrentTaskToDelayedList
                0x08004f54       0x94 /var/folders/04/jztsv_x90bb4cpyfwy71xpk80000gn/T//cc2agWVp.o
 .text.prvInitialiseNewTask.constprop.0
                0x08004fe8       0x98 /var/folders/04/jztsv_x90bb4cpyfwy71xpk80000gn/T//cc2agWVp.o
 .text.prvIdleTask
                0x08005080       0x90 /var/folders/04/jztsv_x90bb4cpyfwy71xpk80000gn/T//cc2agWVp.o
 .text.xTaskIncrementTick.part.0
                0x08005110      0x180 /var/folders/04/jztsv_x90bb4cpyfwy71xpk80000gn/T//cc2agWVp.o
 .text.xTaskCreateStatic
                0x08005290       0x84 /var/folders/04/jztsv_x90bb4cpyfwy71xpk80000gn/T//cc2agWVp.o
 .text.xTaskCreate
                0x08005314       0x64 /var/folders/04/jztsv_x90bb4cpyfwy71xpk80000gn/T//cc2agWVp.o
 .text.vTaskDelete
                0x08005378       0xf4 /var/folders/04/jztsv_x90bb4cpyfwy71xpk80000gn/T//cc2agWVp.o
 .text.eTaskGetState
                0x0800546c       0x78 /var/folders/04/jztsv_x90bb4cpyfwy71xpk80000gn/T//cc2agWVp.o
 .text.uxTaskPriorityGet
                0x080054e4       0x28 /var/folders/04/jztsv_x90bb4cpyfwy71xpk80000gn/T//cc2agWVp.o
 .text.uxTaskPriorityGetFromISR
                0x0800550c       0x38 /var/folders/04/jztsv_x90bb4cpyfwy71xpk80000gn/T//cc2agWVp.o
 .text.vTaskPrioritySet
                0x08005544       0xdc /var/folders/04/jztsv_x90bb4cpyfwy71xpk80000gn/T//cc2agWVp.o
 .text.vTaskResume
                0x08005620       0xa8 /var/folders/04/jztsv_x90bb4cpyfwy71xpk80000gn/T//cc2agWVp.o
 .text.xTaskResumeFromISR
                0x080056c8       0xe8 /var/folders/04/jztsv_x90bb4cpyfwy71xpk80000gn/T//cc2agWVp.o
 .text.vTaskStartScheduler
                0x080057b0       0x90 /var/folders/04/jztsv_x90bb4cpyfwy71xpk80000gn/T//cc2agWVp.o
 .text.vTaskEndScheduler
                0x08005840       0x20 /var/folders/04/jztsv_x90bb4cpyfwy71xpk80000gn/T//cc2agWVp.o
 .text.vTaskSuspendAll
                0x08005860       0x10 /var/folders/04/jztsv_x90bb4cpyfwy71xpk80000gn/T//cc2agWVp.o
 .text.xTaskResumeAll
                0x08005870      0x198 /var/folders/04/jztsv_x90bb4cpyfwy71xpk80000gn/T//cc2agWVp.o
 .text.xTaskDelayUntil
                0x08005a08       0x84 /var/folders/04/jztsv_x90bb4cpyfwy71xpk80000gn/T//cc2agWVp.o
 .text.vTaskDelay
                0x08005a8c       0x44 /var/folders/04/jztsv_x90bb4cpyfwy71xpk80000gn/T//cc2agWVp.o
 .text.xTaskGetTickCount
                0x08005ad0        0xc /var/folders/04/jztsv_x90bb4cpyfwy71xpk80000gn/T//cc2agWVp.o
 .text.xTaskGetTickCountFromISR
                0x08005adc       0x10 /var/folders/04/jztsv_x90bb4cpyfwy71xpk80000gn/T//cc2agWVp.o
 .text.uxTaskGetNumberOfTasks
                0x08005aec        0xc /var/folders/04/jztsv_x90bb4cpyfwy71xpk80000gn/T//cc2agWVp.o
 .text.pcTaskGetName
                0x08005af8       0x28 /var/folders/04/jztsv_x90bb4cpyfwy71xpk80000gn/T//cc2agWVp.o
 .text.xTaskGetHandle
                0x08005b20       0x90 /var/folders/04/jztsv_x90bb4cpyfwy71xpk80000gn/T//cc2agWVp.o
 .text.xTaskGetIdleTaskHandle
                0x08005bb0       0x18 /var/folders/04/jztsv_x90bb4cpyfwy71xpk80000gn/T//cc2agWVp.o
 .text.xTaskCatchUpTicks
                0x08005bc8       0x38 /var/folders/04/jztsv_x90bb4cpyfwy71xpk80000gn/T//cc2agWVp.o
 .text.xTaskAbortDelay
                0x08005c00       0xac /var/folders/04/jztsv_x90bb4cpyfwy71xpk80000gn/T//cc2agWVp.o
 .text.xTaskIncrementTick
                0x08005cac       0x28 /var/folders/04/jztsv_x90bb4cpyfwy71xpk80000gn/T//cc2agWVp.o
 .text.vTaskSwitchContext
                0x08005cd4       0x74 /var/folders/04/jztsv_x90bb4cpyfwy71xpk80000gn/T//cc2agWVp.o
 .text.vTaskSuspend
                0x08005d48       0xd0 /var/folders/04/jztsv_x90bb4cpyfwy71xpk80000gn/T//cc2agWVp.o
 .text.vTaskPlaceOnEventList
                0x08005e18       0x30 /var/folders/04/jztsv_x90bb4cpyfwy71xpk80000gn/T//cc2agWVp.o
 .text.vTaskPlaceOnUnorderedEventList
                0x08005e48       0x60 /var/folders/04/jztsv_x90bb4cpyfwy71xpk80000gn/T//cc2agWVp.o
 .text.vTaskPlaceOnEventListRestricted
                0x08005ea8       0x64 /var/folders/04/jztsv_x90bb4cpyfwy71xpk80000gn/T//cc2agWVp.o
 .text.xTaskRemoveFromEventList
                0x08005f0c       0xc8 /var/folders/04/jztsv_x90bb4cpyfwy71xpk80000gn/T//cc2agWVp.o
 .text.vTaskRemoveFromUnorderedEventList
                0x08005fd4       0xc0 /var/folders/04/jztsv_x90bb4cpyfwy71xpk80000gn/T//cc2agWVp.o
 .text.vTaskSetTimeOutState
                0x08006094       0x2c /var/folders/04/jztsv_x90bb4cpyfwy71xpk80000gn/T//cc2agWVp.o
 .text.vTaskInternalSetTimeOutState
                0x080060c0       0x18 /var/folders/04/jztsv_x90bb4cpyfwy71xpk80000gn/T//cc2agWVp.o
 .text.xTaskCheckForTimeOut
                0x080060d8       0x88 /var/folders/04/jztsv_x90bb4cpyfwy71xpk80000gn/T//cc2agWVp.o
 .text.vTaskMissedYield
                0x08006160        0xc /var/folders/04/jztsv_x90bb4cpyfwy71xpk80000gn/T//cc2agWVp.o
 .text.uxTaskGetTaskNumber
                0x0800616c        0x8 /var/folders/04/jztsv_x90bb4cpyfwy71xpk80000gn/T//cc2agWVp.o
 .text.vTaskSetTaskNumber
                0x08006174        0x8 /var/folders/04/jztsv_x90bb4cpyfwy71xpk80000gn/T//cc2agWVp.o
 .text.vTaskGetInfo
                0x0800617c       0x94 /var/folders/04/jztsv_x90bb4cpyfwy71xpk80000gn/T//cc2agWVp.o
 .text.prvListTasksWithinSingleList.part.0
                0x08006210       0x50 /var/folders/04/jztsv_x90bb4cpyfwy71xpk80000gn/T//cc2agWVp.o
 .text.uxTaskGetSystemState
                0x08006260       0xe8 /var/folders/04/jztsv_x90bb4cpyfwy71xpk80000gn/T//cc2agWVp.o
 .text.uxTaskGetStackHighWaterMark2
                0x08006348       0x38 /var/folders/04/jztsv_x90bb4cpyfwy71xpk80000gn/T//cc2agWVp.o
 .text.uxTaskGetStackHighWaterMark
                0x08006380       0x38 /var/folders/04/jztsv_x90bb4cpyfwy71xpk80000gn/T//cc2agWVp.o
 .text.xTaskGetCurrentTaskHandle
                0x080063b8        0xc /var/folders/04/jztsv_x90bb4cpyfwy71xpk80000gn/T//cc2agWVp.o
 .text.xTaskGetSchedulerState
                0x080063c4       0x20 /var/folders/04/jztsv_x90bb4cpyfwy71xpk80000gn/T//cc2agWVp.o
 .text.xTaskPriorityInherit
                0x080063e4       0x90 /var/folders/04/jztsv_x90bb4cpyfwy71xpk80000gn/T//cc2agWVp.o
 .text.xTaskPriorityDisinherit
                0x08006474       0x88 /var/folders/04/jztsv_x90bb4cpyfwy71xpk80000gn/T//cc2agWVp.o
 .text.vTaskPriorityDisinheritAfterTimeout
                0x080064fc       0x9c /var/folders/04/jztsv_x90bb4cpyfwy71xpk80000gn/T//cc2agWVp.o
 .text.uxTaskResetEventItemValue
                0x08006598       0x18 /var/folders/04/jztsv_x90bb4cpyfwy71xpk80000gn/T//cc2agWVp.o
 .text.pvTaskIncrementMutexHeldCount
                0x080065b0       0x18 /var/folders/04/jztsv_x90bb4cpyfwy71xpk80000gn/T//cc2agWVp.o
 .text.ulTaskGenericNotifyTake
                0x080065c8       0x8c /var/folders/04/jztsv_x90bb4cpyfwy71xpk80000gn/T//cc2agWVp.o
 .text.xTaskGenericNotifyWait
                0x08006654       0xb0 /var/folders/04/jztsv_x90bb4cpyfwy71xpk80000gn/T//cc2agWVp.o
 .text.xTaskGenericNotify
                0x08006704      0x118 /var/folders/04/jztsv_x90bb4cpyfwy71xpk80000gn/T//cc2agWVp.o
 .text.xTaskGenericNotifyFromISR
                0x0800681c      0x15c /var/folders/04/jztsv_x90bb4cpyfwy71xpk80000gn/T//cc2agWVp.o
 .text.vTaskGenericNotifyGiveFromISR
                0x08006978      0x110 /var/folders/04/jztsv_x90bb4cpyfwy71xpk80000gn/T//cc2agWVp.o
 .text.xTaskGenericNotifyStateClear
                0x08006a88       0x3c /var/folders/04/jztsv_x90bb4cpyfwy71xpk80000gn/T//cc2agWVp.o
 .text.ulTaskGenericNotifyValueClear
                0x08006ac4       0x30 /var/folders/04/jztsv_x90bb4cpyfwy71xpk80000gn/T//cc2agWVp.o
 .text.prvCopyDataToQueue
                0x08006af4       0x74 /var/folders/04/jztsv_x90bb4cpyfwy71xpk80000gn/T//ccC9w40I.o
 .text.prvUnlockQueue
                0x08006b68       0x8c /var/folders/04/jztsv_x90bb4cpyfwy71xpk80000gn/T//ccC9w40I.o
 .text.xQueueGenericReset
                0x08006bf4       0x88 /var/folders/04/jztsv_x90bb4cpyfwy71xpk80000gn/T//ccC9w40I.o
 .text.xQueueGenericCreateStatic
                0x08006c7c       0x70 /var/folders/04/jztsv_x90bb4cpyfwy71xpk80000gn/T//ccC9w40I.o
 .text.xQueueGenericCreate
                0x08006cec       0x5c /var/folders/04/jztsv_x90bb4cpyfwy71xpk80000gn/T//ccC9w40I.o
 .text.xQueueGetMutexHolder
                0x08006d48       0x28 /var/folders/04/jztsv_x90bb4cpyfwy71xpk80000gn/T//ccC9w40I.o
 .text.xQueueGetMutexHolderFromISR
                0x08006d70       0x18 /var/folders/04/jztsv_x90bb4cpyfwy71xpk80000gn/T//ccC9w40I.o
 .text.xQueueCreateCountingSemaphoreStatic
                0x08006d88       0x5c /var/folders/04/jztsv_x90bb4cpyfwy71xpk80000gn/T//ccC9w40I.o
 .text.xQueueCreateCountingSemaphore
                0x08006de4       0x20 /var/folders/04/jztsv_x90bb4cpyfwy71xpk80000gn/T//ccC9w40I.o
 .text.xQueueGenericSend
                0x08006e04      0x174 /var/folders/04/jztsv_x90bb4cpyfwy71xpk80000gn/T//ccC9w40I.o
 .text.xQueueCreateMutexStatic
                0x08006f78       0x5c /var/folders/04/jztsv_x90bb4cpyfwy71xpk80000gn/T//ccC9w40I.o
 .text.xQueueGiveMutexRecursive
                0x08006fd4       0x34 /var/folders/04/jztsv_x90bb4cpyfwy71xpk80000gn/T//ccC9w40I.o
 .text.xQueueCreateMutex
                0x08007008       0x3c /var/folders/04/jztsv_x90bb4cpyfwy71xpk80000gn/T//ccC9w40I.o
 .text.xQueueGenericSendFromISR
                0x08007044       0xb0 /var/folders/04/jztsv_x90bb4cpyfwy71xpk80000gn/T//ccC9w40I.o
 .text.xQueueGiveFromISR
                0x080070f4       0x9c /var/folders/04/jztsv_x90bb4cpyfwy71xpk80000gn/T//ccC9w40I.o
 .text.xQueueReceive
                0x08007190      0x148 /var/folders/04/jztsv_x90bb4cpyfwy71xpk80000gn/T//ccC9w40I.o
 .text.xQueueSemaphoreTake
                0x080072d8      0x178 /var/folders/04/jztsv_x90bb4cpyfwy71xpk80000gn/T//ccC9w40I.o
 .text.xQueueTakeMutexRecursive
                0x08007450       0x34 /var/folders/04/jztsv_x90bb4cpyfwy71xpk80000gn/T//ccC9w40I.o
 .text.xQueuePeek
                0x08007484      0x144 /var/folders/04/jztsv_x90bb4cpyfwy71xpk80000gn/T//ccC9w40I.o
 .text.xQueueReceiveFromISR
                0x080075c8       0xb4 /var/folders/04/jztsv_x90bb4cpyfwy71xpk80000gn/T//ccC9w40I.o
 .text.xQueuePeekFromISR
                0x0800767c       0x6c /var/folders/04/jztsv_x90bb4cpyfwy71xpk80000gn/T//ccC9w40I.o
 .text.uxQueueMessagesWaiting
                0x080076e8       0x28 /var/folders/04/jztsv_x90bb4cpyfwy71xpk80000gn/T//ccC9w40I.o
 .text.uxQueueSpacesAvailable
                0x08007710       0x20 /var/folders/04/jztsv_x90bb4cpyfwy71xpk80000gn/T//ccC9w40I.o
 .text.uxQueueMessagesWaitingFromISR
                0x08007730       0x14 /var/folders/04/jztsv_x90bb4cpyfwy71xpk80000gn/T//ccC9w40I.o
 .text.vQueueDelete
                0x08007744       0x50 /var/folders/04/jztsv_x90bb4cpyfwy71xpk80000gn/T//ccC9w40I.o
 .text.uxQueueGetQueueNumber
                0x08007794        0x4 /var/folders/04/jztsv_x90bb4cpyfwy71xpk80000gn/T//ccC9w40I.o
 .text.vQueueSetQueueNumber
                0x08007798        0x4 /var/folders/04/jztsv_x90bb4cpyfwy71xpk80000gn/T//ccC9w40I.o
 .text.ucQueueGetQueueType
                0x0800779c        0x8 /var/folders/04/jztsv_x90bb4cpyfwy71xpk80000gn/T//ccC9w40I.o
 .text.xQueueIsQueueEmptyFromISR
                0x080077a4       0x20 /var/folders/04/jztsv_x90bb4cpyfwy71xpk80000gn/T//ccC9w40I.o
 .text.xQueueIsQueueFullFromISR
                0x080077c4       0x1c /var/folders/04/jztsv_x90bb4cpyfwy71xpk80000gn/T//ccC9w40I.o
 .text.vQueueAddToRegistry
                0x080077e0       0x54 /var/folders/04/jztsv_x90bb4cpyfwy71xpk80000gn/T//ccC9w40I.o
 .text.pcQueueGetName
                0x08007834       0x34 /var/folders/04/jztsv_x90bb4cpyfwy71xpk80000gn/T//ccC9w40I.o
 .text.vQueueUnregisterQueue
                0x08007868       0x3c /var/folders/04/jztsv_x90bb4cpyfwy71xpk80000gn/T//ccC9w40I.o
 .text.vQueueWaitForMessageRestricted
                0x080078a4       0x50 /var/folders/04/jztsv_x90bb4cpyfwy71xpk80000gn/T//ccC9w40I.o
 .text.vListInitialise
                0x080078f4       0x18 /var/folders/04/jztsv_x90bb4cpyfwy71xpk80000gn/T//ccsMju15.o
 .text.vListInitialiseItem
                0x0800790c        0x8 /var/folders/04/jztsv_x90bb4cpyfwy71xpk80000gn/T//ccsMju15.o
 .text.vListInsertEnd
                0x08007914       0x1c /var/folders/04/jztsv_x90bb4cpyfwy71xpk80000gn/T//ccsMju15.o
 .text.vListInsert
                0x08007930       0x30 /var/folders/04/jztsv_x90bb4cpyfwy71xpk80000gn/T//ccsMju15.o
 .text.uxListRemove
                0x08007960       0x24 /var/folders/04/jztsv_x90bb4cpyfwy71xpk80000gn/T//ccsMju15.o
 .text.Scheduler_Init
                0x08007984        0x4 /var/folders/04/jztsv_x90bb4cpyfwy71xpk80000gn/T//ccPNq6eZ.o
 .text.Scheduler_Start
                0x08007988        0x8 /var/folders/04/jztsv_x90bb4cpyfwy71xpk80000gn/T//ccPNq6eZ.o
 .text.Scheduler_AddTask
                0x08007990        0x4 /var/folders/04/jztsv_x90bb4cpyfwy71xpk80000gn/T//ccPNq6eZ.o
 .text.TaskConfig_Init
                0x08007994       0x2c /var/folders/04/jztsv_x90bb4cpyfwy71xpk80000gn/T//ccXPumeZ.o
 .text.BatteryTask
                0x080079c0       0x1c /var/folders/04/jztsv_x90bb4cpyfwy71xpk80000gn/T//ccapfSp7.o
 .text.HAL_MspInit
                0x080079dc        0x4 /var/folders/04/jztsv_x90bb4cpyfwy71xpk80000gn/T//ccY1wxQT.o
 .text.HAL_MspDeInit
                0x080079e0        0x4 /var/folders/04/jztsv_x90bb4cpyfwy71xpk80000gn/T//ccY1wxQT.o
 .text.HAL_DeInit
                0x080079e4       0x40 /var/folders/04/jztsv_x90bb4cpyfwy71xpk80000gn/T//ccY1wxQT.o
 .text.HAL_InitTick
                0x08007a24       0x48 /var/folders/04/jztsv_x90bb4cpyfwy71xpk80000gn/T//ccY1wxQT.o
 .text.HAL_Init
                0x08007a6c       0x2c /var/folders/04/jztsv_x90bb4cpyfwy71xpk80000gn/T//ccY1wxQT.o
 .text.HAL_IncTick
                0x08007a98       0x18 /var/folders/04/jztsv_x90bb4cpyfwy71xpk80000gn/T//ccY1wxQT.o
 .text.HAL_GetTick
                0x08007ab0        0xc /var/folders/04/jztsv_x90bb4cpyfwy71xpk80000gn/T//ccY1wxQT.o
 .text.HAL_GetTickPrio
                0x08007abc        0xc /var/folders/04/jztsv_x90bb4cpyfwy71xpk80000gn/T//ccY1wxQT.o
 .text.HAL_SetTickFreq
                0x08007ac8       0x28 /var/folders/04/jztsv_x90bb4cpyfwy71xpk80000gn/T//ccY1wxQT.o
 .text.HAL_GetTickFreq
                0x08007af0        0xc /var/folders/04/jztsv_x90bb4cpyfwy71xpk80000gn/T//ccY1wxQT.o
 .text.HAL_Delay
                0x08007afc       0x24 /var/folders/04/jztsv_x90bb4cpyfwy71xpk80000gn/T//ccY1wxQT.o
 .text.HAL_SuspendTick
                0x08007b20       0x10 /var/folders/04/jztsv_x90bb4cpyfwy71xpk80000gn/T//ccY1wxQT.o
 .text.HAL_ResumeTick
                0x08007b30       0x10 /var/folders/04/jztsv_x90bb4cpyfwy71xpk80000gn/T//ccY1wxQT.o
 .text.HAL_GetHalVersion
                0x08007b40        0x8 /var/folders/04/jztsv_x90bb4cpyfwy71xpk80000gn/T//ccY1wxQT.o
 .text.HAL_GetREVID
                0x08007b48        0xc /var/folders/04/jztsv_x90bb4cpyfwy71xpk80000gn/T//ccY1wxQT.o
 .text.HAL_GetDEVID
                0x08007b54       0x10 /var/folders/04/jztsv_x90bb4cpyfwy71xpk80000gn/T//ccY1wxQT.o
 .text.HAL_DBGMCU_EnableDBGSleepMode
                0x08007b64       0x10 /var/folders/04/jztsv_x90bb4cpyfwy71xpk80000gn/T//ccY1wxQT.o
 .text.HAL_DBGMCU_DisableDBGSleepMode
                0x08007b74       0x10 /var/folders/04/jztsv_x90bb4cpyfwy71xpk80000gn/T//ccY1wxQT.o
 .text.HAL_DBGMCU_EnableDBGStopMode
                0x08007b84       0x10 /var/folders/04/jztsv_x90bb4cpyfwy71xpk80000gn/T//ccY1wxQT.o
 .text.HAL_DBGMCU_DisableDBGStopMode
                0x08007b94       0x10 /var/folders/04/jztsv_x90bb4cpyfwy71xpk80000gn/T//ccY1wxQT.o
 .text.HAL_DBGMCU_EnableDBGStandbyMode
                0x08007ba4       0x10 /var/folders/04/jztsv_x90bb4cpyfwy71xpk80000gn/T//ccY1wxQT.o
 .text.HAL_DBGMCU_DisableDBGStandbyMode
                0x08007bb4       0x10 /var/folders/04/jztsv_x90bb4cpyfwy71xpk80000gn/T//ccY1wxQT.o
 .text.HAL_EnableCompensationCell
                0x08007bc4       0x10 /var/folders/04/jztsv_x90bb4cpyfwy71xpk80000gn/T//ccY1wxQT.o
 .text.HAL_DisableCompensationCell
                0x08007bd4       0x10 /var/folders/04/jztsv_x90bb4cpyfwy71xpk80000gn/T//ccY1wxQT.o
 .text.HAL_GetUIDw0
                0x08007be4        0xc /var/folders/04/jztsv_x90bb4cpyfwy71xpk80000gn/T//ccY1wxQT.o
 .text.HAL_GetUIDw1
                0x08007bf0        0xc /var/folders/04/jztsv_x90bb4cpyfwy71xpk80000gn/T//ccY1wxQT.o
 .text.HAL_GetUIDw2
                0x08007bfc        0xc /var/folders/04/jztsv_x90bb4cpyfwy71xpk80000gn/T//ccY1wxQT.o
 .text.HAL_GPIO_Init
                0x08007c08      0x1e8 /var/folders/04/jztsv_x90bb4cpyfwy71xpk80000gn/T//ccTpQVg3.o
 .text.HAL_GPIO_DeInit
                0x08007df0      0x128 /var/folders/04/jztsv_x90bb4cpyfwy71xpk80000gn/T//ccTpQVg3.o
 .text.HAL_GPIO_ReadPin
                0x08007f18        0xc /var/folders/04/jztsv_x90bb4cpyfwy71xpk80000gn/T//ccTpQVg3.o
 .text.HAL_GPIO_WritePin
                0x08007f24        0x8 /var/folders/04/jztsv_x90bb4cpyfwy71xpk80000gn/T//ccTpQVg3.o
 .text.HAL_GPIO_TogglePin
                0x08007f2c       0x14 /var/folders/04/jztsv_x90bb4cpyfwy71xpk80000gn/T//ccTpQVg3.o
 .text.HAL_GPIO_LockPin
                0x08007f40       0x2c /var/folders/04/jztsv_x90bb4cpyfwy71xpk80000gn/T//ccTpQVg3.o
 .text.HAL_GPIO_EXTI_Callback
                0x08007f6c        0x4 /var/folders/04/jztsv_x90bb4cpyfwy71xpk80000gn/T//ccTpQVg3.o
 .text.HAL_GPIO_EXTI_IRQHandler
                0x08007f70       0x18 /var/folders/04/jztsv_x90bb4cpyfwy71xpk80000gn/T//ccTpQVg3.o
 .text.HAL_RCC_DeInit
                0x08007f88        0x4 /var/folders/04/jztsv_x90bb4cpyfwy71xpk80000gn/T//ccrEbzjD.o
 .text.HAL_RCC_OscConfig
                0x08007f8c      0x3c4 /var/folders/04/jztsv_x90bb4cpyfwy71xpk80000gn/T//ccrEbzjD.o
 .text.HAL_RCC_MCOConfig
                0x08008350       0xa0 /var/folders/04/jztsv_x90bb4cpyfwy71xpk80000gn/T//ccrEbzjD.o
 .text.HAL_RCC_EnableCSS
                0x080083f0        0xc /var/folders/04/jztsv_x90bb4cpyfwy71xpk80000gn/T//ccrEbzjD.o
 .text.HAL_RCC_DisableCSS
                0x080083fc        0xc /var/folders/04/jztsv_x90bb4cpyfwy71xpk80000gn/T//ccrEbzjD.o
 .text.HAL_RCC_GetSysClockFreq
                0x08008408       0x68 /var/folders/04/jztsv_x90bb4cpyfwy71xpk80000gn/T//ccrEbzjD.o
 .text.HAL_RCC_ClockConfig
                0x08008470      0x13c /var/folders/04/jztsv_x90bb4cpyfwy71xpk80000gn/T//ccrEbzjD.o
 .text.HAL_RCC_GetHCLKFreq
                0x080085ac        0xc /var/folders/04/jztsv_x90bb4cpyfwy71xpk80000gn/T//ccrEbzjD.o
 .text.HAL_RCC_GetPCLK1Freq
                0x080085b8       0x20 /var/folders/04/jztsv_x90bb4cpyfwy71xpk80000gn/T//ccrEbzjD.o
 .text.HAL_RCC_GetPCLK2Freq
                0x080085d8       0x20 /var/folders/04/jztsv_x90bb4cpyfwy71xpk80000gn/T//ccrEbzjD.o
 .text.HAL_RCC_GetOscConfig
                0x080085f8       0x8c /var/folders/04/jztsv_x90bb4cpyfwy71xpk80000gn/T//ccrEbzjD.o
 .text.HAL_RCC_GetClockConfig
                0x08008684       0x40 /var/folders/04/jztsv_x90bb4cpyfwy71xpk80000gn/T//ccrEbzjD.o
 .text.HAL_RCC_CSSCallback
                0x080086c4        0x4 /var/folders/04/jztsv_x90bb4cpyfwy71xpk80000gn/T//ccrEbzjD.o
 .text.HAL_RCC_NMI_IRQHandler
                0x080086c8       0x1c /var/folders/04/jztsv_x90bb4cpyfwy71xpk80000gn/T//ccrEbzjD.o
 .text.prvPortStartFirstTask
                0x080086e4       0x20 /var/folders/04/jztsv_x90bb4cpyfwy71xpk80000gn/T//cco8Ou8s.o
 .text.prvTaskExitError
                0x08008704       0x34 /var/folders/04/jztsv_x90bb4cpyfwy71xpk80000gn/T//cco8Ou8s.o
 .text.pxPortInitialiseStack
                0x08008738       0x24 /var/folders/04/jztsv_x90bb4cpyfwy71xpk80000gn/T//cco8Ou8s.o
 *fill*         0x0800875c        0x4 
 .text.vPortSVCHandler
                0x08008760       0x24 /var/folders/04/jztsv_x90bb4cpyfwy71xpk80000gn/T//cco8Ou8s.o
 .text.vPortEndScheduler
                0x08008784       0x14 /var/folders/04/jztsv_x90bb4cpyfwy71xpk80000gn/T//cco8Ou8s.o
 .text.vPortEnterCritical
                0x08008798       0x34 /var/folders/04/jztsv_x90bb4cpyfwy71xpk80000gn/T//cco8Ou8s.o
 .text.vPortExitCritical
                0x080087cc       0x20 /var/folders/04/jztsv_x90bb4cpyfwy71xpk80000gn/T//cco8Ou8s.o
 *fill*         0x080087ec        0x4 
 .text.xPortPendSVHandler
                0x080087f0       0x44 /var/folders/04/jztsv_x90bb4cpyfwy71xpk80000gn/T//cco8Ou8s.o
 .text.xPortSysTickHandler
                0x08008834       0x2c /var/folders/04/jztsv_x90bb4cpyfwy71xpk80000gn/T//cco8Ou8s.o
 .text.vPortSetupTimerInterrupt
                0x08008860       0x18 /var/folders/04/jztsv_x90bb4cpyfwy71xpk80000gn/T//cco8Ou8s.o
 .text.xPortStartScheduler
                0x08008878       0xcc /var/folders/04/jztsv_x90bb4cpyfwy71xpk80000gn/T//cco8Ou8s.o
 .text.vPortValidateInterruptPriority
                0x08008944       0x48 /var/folders/04/jztsv_x90bb4cpyfwy71xpk80000gn/T//cco8Ou8s.o
 .text.prvInsertBlockIntoFreeList
                0x0800898c       0x54 /var/folders/04/jztsv_x90bb4cpyfwy71xpk80000gn/T//ccOnSDms.o
 .text.pvPortMalloc
                0x080089e0      0x128 /var/folders/04/jztsv_x90bb4cpyfwy71xpk80000gn/T//ccOnSDms.o
 .text.vPortFree
                0x08008b08       0x78 /var/folders/04/jztsv_x90bb4cpyfwy71xpk80000gn/T//ccOnSDms.o
 .text.xPortGetFreeHeapSize
                0x08008b80        0xc /var/folders/04/jztsv_x90bb4cpyfwy71xpk80000gn/T//ccOnSDms.o
 .text.xPortGetMinimumEverFreeHeapSize
                0x08008b8c        0xc /var/folders/04/jztsv_x90bb4cpyfwy71xpk80000gn/T//ccOnSDms.o
 .text.vPortInitialiseBlocks
                0x08008b98        0x4 /var/folders/04/jztsv_x90bb4cpyfwy71xpk80000gn/T//ccOnSDms.o
 .text.pvPortCalloc
                0x08008b9c       0x2c /var/folders/04/jztsv_x90bb4cpyfwy71xpk80000gn/T//ccOnSDms.o
 .text.vPortGetHeapStats
                0x08008bc8       0x88 /var/folders/04/jztsv_x90bb4cpyfwy71xpk80000gn/T//ccOnSDms.o
 .text.vAssertCalled
                0x08008c50        0x4 /var/folders/04/jztsv_x90bb4cpyfwy71xpk80000gn/T//ccf0xb3i.o
 .text.vApplicationIdleHook
                0x08008c54        0x4 /var/folders/04/jztsv_x90bb4cpyfwy71xpk80000gn/T//ccf0xb3i.o
 .text.vApplicationTickHook
                0x08008c58        0x4 /var/folders/04/jztsv_x90bb4cpyfwy71xpk80000gn/T//ccf0xb3i.o
 .text.vApplicationMallocFailedHook
                0x08008c5c        0x4 /var/folders/04/jztsv_x90bb4cpyfwy71xpk80000gn/T//ccf0xb3i.o
 .text.vApplicationGetIdleTaskMemory
                0x08008c60       0x1c /var/folders/04/jztsv_x90bb4cpyfwy71xpk80000gn/T//ccf0xb3i.o
 .text.vApplicationGetTimerTaskMemory
                0x08008c7c       0x1c /var/folders/04/jztsv_x90bb4cpyfwy71xpk80000gn/T//ccf0xb3i.o
 .text.SystemInit
                0x08008c98        0x4 /var/folders/04/jztsv_x90bb4cpyfwy71xpk80000gn/T//ccjDkp9Q.o
 .text.SystemCoreClockUpdate
                0x08008c9c       0x70 /var/folders/04/jztsv_x90bb4cpyfwy71xpk80000gn/T//ccjDkp9Q.o
 .text.Reset_Handler
                0x08008d0c       0x50 build/core/drivers/hal/startup_stm32f401xc.o
 .text.Default_Handler
                0x08008d5c        0x2 build/core/drivers/hal/startup_stm32f401xc.o
 *fill*         0x08008d5e        0x2 
 .text.prvCheckForValidListAndQueue
                0x08008d60       0x6c /var/folders/04/jztsv_x90bb4cpyfwy71xpk80000gn/T//ccW2Bneg.o
 .text.prvProcessExpiredTimer
                0x08008dcc       0x94 /var/folders/04/jztsv_x90bb4cpyfwy71xpk80000gn/T//ccW2Bneg.o
 .text.prvTimerTask
                0x08008e60      0x26c /var/folders/04/jztsv_x90bb4cpyfwy71xpk80000gn/T//ccW2Bneg.o
 .text.xTimerCreateTimerTask
                0x080090cc       0x5c /var/folders/04/jztsv_x90bb4cpyfwy71xpk80000gn/T//ccW2Bneg.o
 .text.xTimerCreate
                0x08009128       0x50 /var/folders/04/jztsv_x90bb4cpyfwy71xpk80000gn/T//ccW2Bneg.o
 .text.xTimerCreateStatic
                0x08009178       0x6c /var/folders/04/jztsv_x90bb4cpyfwy71xpk80000gn/T//ccW2Bneg.o
 .text.xTimerGenericCommand
                0x080091e4       0x70 /var/folders/04/jztsv_x90bb4cpyfwy71xpk80000gn/T//ccW2Bneg.o
 .text.xTimerGetTimerDaemonTaskHandle
                0x08009254       0x18 /var/folders/04/jztsv_x90bb4cpyfwy71xpk80000gn/T//ccW2Bneg.o
 .text.xTimerGetPeriod
                0x0800926c       0x14 /var/folders/04/jztsv_x90bb4cpyfwy71xpk80000gn/T//ccW2Bneg.o
 .text.vTimerSetReloadMode
                0x08009280       0x38 /var/folders/04/jztsv_x90bb4cpyfwy71xpk80000gn/T//ccW2Bneg.o
 .text.xTimerGetReloadMode
                0x080092b8       0x20 /var/folders/04/jztsv_x90bb4cpyfwy71xpk80000gn/T//ccW2Bneg.o
 .text.uxTimerGetReloadMode
                0x080092d8       0x20 /var/folders/04/jztsv_x90bb4cpyfwy71xpk80000gn/T//ccW2Bneg.o
 .text.xTimerGetExpiryTime
                0x080092f8       0x14 /var/folders/04/jztsv_x90bb4cpyfwy71xpk80000gn/T//ccW2Bneg.o
 .text.pcTimerGetName
                0x0800930c       0x14 /var/folders/04/jztsv_x90bb4cpyfwy71xpk80000gn/T//ccW2Bneg.o
 .text.xTimerIsTimerActive
                0x08009320       0x20 /var/folders/04/jztsv_x90bb4cpyfwy71xpk80000gn/T//ccW2Bneg.o
 .text.pvTimerGetTimerID
                0x08009340       0x28 /var/folders/04/jztsv_x90bb4cpyfwy71xpk80000gn/T//ccW2Bneg.o
 .text.vTimerSetTimerID
                0x08009368       0x28 /var/folders/04/jztsv_x90bb4cpyfwy71xpk80000gn/T//ccW2Bneg.o
 .text.xTimerPendFunctionCallFromISR
                0x08009390       0x28 /var/folders/04/jztsv_x90bb4cpyfwy71xpk80000gn/T//ccW2Bneg.o
 .text.xTimerPendFunctionCall
                0x080093b8       0x3c /var/folders/04/jztsv_x90bb4cpyfwy71xpk80000gn/T//ccW2Bneg.o
 .text.uxTimerGetTimerNumber
                0x080093f4        0x4 /var/folders/04/jztsv_x90bb4cpyfwy71xpk80000gn/T//ccW2Bneg.o
 .text.vTimerSetTimerNumber
                0x080093f8        0x4 /var/folders/04/jztsv_x90bb4cpyfwy71xpk80000gn/T//ccW2Bneg.o
 .text.main_task
                0x080093fc        0x4 /var/folders/04/jztsv_x90bb4cpyfwy71xpk80000gn/T//ccyGLtid.o
 .text.startup.main
                0x08009400       0x24 /var/folders/04/jztsv_x90bb4cpyfwy71xpk80000gn/T//ccyGLtid.o
 .text.HAL_NVIC_SetPriorityGrouping
                0x08009424       0x24 /var/folders/04/jztsv_x90bb4cpyfwy71xpk80000gn/T//cc3KoXZN.o
 .text.HAL_NVIC_SetPriority
                0x08009448       0x78 /var/folders/04/jztsv_x90bb4cpyfwy71xpk80000gn/T//cc3KoXZN.o
 .text.HAL_NVIC_EnableIRQ
                0x080094c0       0x1c /var/folders/04/jztsv_x90bb4cpyfwy71xpk80000gn/T//cc3KoXZN.o
 .text.HAL_NVIC_DisableIRQ
                0x080094dc       0x24 /var/folders/04/jztsv_x90bb4cpyfwy71xpk80000gn/T//cc3KoXZN.o
 .text.HAL_NVIC_SystemReset
                0x08009500       0x24 /var/folders/04/jztsv_x90bb4cpyfwy71xpk80000gn/T//cc3KoXZN.o
 .text.HAL_SYSTICK_Config
                0x08009524       0x30 /var/folders/04/jztsv_x90bb4cpyfwy71xpk80000gn/T//cc3KoXZN.o
 .text.HAL_MPU_Disable
                0x08009554       0x1c /var/folders/04/jztsv_x90bb4cpyfwy71xpk80000gn/T//cc3KoXZN.o
 .text.HAL_MPU_Enable
                0x08009570       0x20 /var/folders/04/jztsv_x90bb4cpyfwy71xpk80000gn/T//cc3KoXZN.o
 .text.HAL_MPU_ConfigRegion
                0x08009590       0x64 /var/folders/04/jztsv_x90bb4cpyfwy71xpk80000gn/T//cc3KoXZN.o
 .text.HAL_CORTEX_ClearEvent
                0x080095f4        0x8 /var/folders/04/jztsv_x90bb4cpyfwy71xpk80000gn/T//cc3KoXZN.o
 .text.HAL_NVIC_GetPriorityGrouping
                0x080095fc       0x10 /var/folders/04/jztsv_x90bb4cpyfwy71xpk80000gn/T//cc3KoXZN.o
 .text.HAL_NVIC_GetPriority
                0x0800960c       0x68 /var/folders/04/jztsv_x90bb4cpyfwy71xpk80000gn/T//cc3KoXZN.o
 .text.HAL_NVIC_SetPendingIRQ
                0x08009674       0x1c /var/folders/04/jztsv_x90bb4cpyfwy71xpk80000gn/T//cc3KoXZN.o
 .text.HAL_NVIC_GetPendingIRQ
                0x08009690       0x24 /var/folders/04/jztsv_x90bb4cpyfwy71xpk80000gn/T//cc3KoXZN.o
 .text.HAL_NVIC_ClearPendingIRQ
                0x080096b4       0x1c /var/folders/04/jztsv_x90bb4cpyfwy71xpk80000gn/T//cc3KoXZN.o
 .text.HAL_NVIC_GetActive
                0x080096d0       0x24 /var/folders/04/jztsv_x90bb4cpyfwy71xpk80000gn/T//cc3KoXZN.o
 .text.HAL_SYSTICK_CLKSourceConfig
                0x080096f4       0x18 /var/folders/04/jztsv_x90bb4cpyfwy71xpk80000gn/T//cc3KoXZN.o
 .text.HAL_SYSTICK_Callback
                0x0800970c        0x4 /var/folders/04/jztsv_x90bb4cpyfwy71xpk80000gn/T//cc3KoXZN.o
 .text.HAL_SYSTICK_IRQHandler
                0x08009710        0x8 /var/folders/04/jztsv_x90bb4cpyfwy71xpk80000gn/T//cc3KoXZN.o
 .text.__udivmoddi4
                0x08009718      0x2bc /opt/arm-toolchain/bin/../lib/gcc/arm-none-eabi/12.3.1/thumb/v7e-m/nofp/libgcc.a(_udivmoddi4.o)
                0x08009718                __udivmoddi4
 .text.memset   0x080099d4       0xa4 /opt/arm-toolchain/bin/../lib/gcc/arm-none-eabi/12.3.1/../../../../arm-none-eabi/lib/thumb/v7e-m/nofp/libg.a(libc_a-memset.o)
                0x080099d4                memset
 .text.__libc_init_array
                0x08009a78       0x50 /opt/arm-toolchain/bin/../lib/gcc/arm-none-eabi/12.3.1/../../../../arm-none-eabi/lib/thumb/v7e-m/nofp/libg.a(libc_a-init.o)
                0x08009a78                __libc_init_array
 *(.glue_7)
 .glue_7        0x08009ac8        0x0 linker stubs
 *(.glue_7t)
 .glue_7t       0x08009ac8        0x0 linker stubs
 *(.eh_frame)
 .eh_frame      0x08009ac8       0x2c /opt/arm-toolchain/bin/../lib/gcc/arm-none-eabi/12.3.1/../../../../arm-none-eabi/lib/thumb/v7e-m/nofp/libg.a(libc_a-memcpy.o)
 .eh_frame      0x08009af4       0x34 /opt/arm-toolchain/bin/../lib/gcc/arm-none-eabi/12.3.1/../../../../arm-none-eabi/lib/thumb/v7e-m/nofp/libg.a(libc_a-strlen.o)
 *(.init)
 *(.fini)
                0x08009b28                        . = ALIGN (0x4)
                0x08009b28                        _etext = .

.vfp11_veneer   0x08009b28        0x0
 .vfp11_veneer  0x08009b28        0x0 linker stubs

.v4_bx          0x08009b28        0x0
 .v4_bx         0x08009b28        0x0 linker stubs

.iplt           0x08009b28        0x0
 .iplt          0x08009b28        0x0 build/core/FreeRTOS/tasks.o

.rodata         0x08009b28       0x60
                0x08009b28                        . = ALIGN (0x4)
 *(.rodata)
 .rodata        0x08009b28       0x18 build/core/drivers/hal/system_stm32f4xx.o
                0x08009b28                AHBPrescTable
                0x08009b38                APBPrescTable
 *(.rodata*)
 .rodata.str1.4
                0x08009b40        0x5 build/core/FreeRTOS/tasks.o
 *fill*         0x08009b45        0x3 
 .rodata.str1.4
                0x08009b48        0xc build/core/scheduler/task_config.o
 .rodata.str1.4
                0x08009b54       0x10 build/core/FreeRTOS/timers.o
 .rodata.str1.4
                0x08009b64        0x9 build/main.o
 .rodata.vTaskStartScheduler.str1.4
                0x08009b6d        0x5 /var/folders/04/jztsv_x90bb4cpyfwy71xpk80000gn/T//cc2agWVp.o
 .rodata.TaskConfig_Init.str1.4
                0x08009b6d        0xc /var/folders/04/jztsv_x90bb4cpyfwy71xpk80000gn/T//ccXPumeZ.o
 *fill*         0x08009b6d        0x3 
 .rodata.APBPrescTable
                0x08009b70        0x8 /var/folders/04/jztsv_x90bb4cpyfwy71xpk80000gn/T//ccjDkp9Q.o
 .rodata.AHBPrescTable
                0x08009b78       0x10 /var/folders/04/jztsv_x90bb4cpyfwy71xpk80000gn/T//ccjDkp9Q.o
 .rodata.prvCheckForValidListAndQueue.str1.4
                0x08009b88        0x5 /var/folders/04/jztsv_x90bb4cpyfwy71xpk80000gn/T//ccW2Bneg.o
 .rodata.xTimerCreateTimerTask.str1.4
                0x08009b88        0x8 /var/folders/04/jztsv_x90bb4cpyfwy71xpk80000gn/T//ccW2Bneg.o
 .rodata.main.str1.4
                0x08009b88        0x9 /var/folders/04/jztsv_x90bb4cpyfwy71xpk80000gn/T//ccyGLtid.o
                0x08009b94                        . = ALIGN (0x4)

.ARM.extab      0x08009b88        0x0
                0x08009b88                        . = ALIGN (0x4)
 *(.ARM.extab* .gnu.linkonce.armextab.*)
 .ARM.extab.text.__udivmoddi4
                0x08009b88        0x0 /opt/arm-toolchain/bin/../lib/gcc/arm-none-eabi/12.3.1/thumb/v7e-m/nofp/libgcc.a(_udivmoddi4.o)
 .ARM.extab     0x08009b88        0x0 /opt/arm-toolchain/bin/../lib/gcc/arm-none-eabi/12.3.1/../../../../arm-none-eabi/lib/thumb/v7e-m/nofp/libg.a(libc_a-memcpy.o)
 .ARM.extab     0x08009b88        0x0 /opt/arm-toolchain/bin/../lib/gcc/arm-none-eabi/12.3.1/../../../../arm-none-eabi/lib/thumb/v7e-m/nofp/libg.a(libc_a-strlen.o)
                0x08009b88                        . = ALIGN (0x4)

.ARM            0x08009b88        0x8
                0x08009b88                        . = ALIGN (0x4)
                0x08009b88                        __exidx_start = .
 *(.ARM.exidx*)
 .ARM.exidx     0x08009b88        0x8 /opt/arm-toolchain/bin/../lib/gcc/arm-none-eabi/12.3.1/../../../../arm-none-eabi/lib/thumb/v7e-m/nofp/libg.a(libc_a-memcpy.o)
 .ARM.exidx     0x08009b90        0x0 /opt/arm-toolchain/bin/../lib/gcc/arm-none-eabi/12.3.1/../../../../arm-none-eabi/lib/thumb/v7e-m/nofp/libg.a(libc_a-strlen.o)
                                  0x8 (size before relaxing)
 .ARM.exidx.text.__udivmoddi4
                0x08009b90        0x0 /opt/arm-toolchain/bin/../lib/gcc/arm-none-eabi/12.3.1/thumb/v7e-m/nofp/libgcc.a(_udivmoddi4.o)
                                  0x8 (size before relaxing)
                0x08009b90                        __exidx_end = .
                0x08009b90                        . = ALIGN (0x4)

.rel.dyn        0x08009b90        0x0
 .rel.iplt      0x08009b90        0x0 build/core/FreeRTOS/tasks.o

.preinit_array  0x08009b90        0x0
                0x08009b90                        . = ALIGN (0x4)
                0x08009b90                        PROVIDE (__preinit_array_start = .)
 *(.preinit_array*)
                0x08009b90                        PROVIDE (__preinit_array_end = .)
                0x08009b90                        . = ALIGN (0x4)

.init_array     0x08009b90        0x0
                0x08009b90                        . = ALIGN (0x4)
                0x08009b90                        PROVIDE (__init_array_start = .)
 *(SORT_BY_NAME(.init_array.*))
 *(.init_array*)
                0x08009b90                        PROVIDE (__init_array_end = .)
                0x08009b90                        . = ALIGN (0x4)

.fini_array     0x08009b90        0x0
                0x08009b90                        . = ALIGN (0x4)
                [!provide]                        PROVIDE (__fini_array_start = .)
 *(SORT_BY_NAME(.fini_array.*))
 *(.fini_array*)
                [!provide]                        PROVIDE (__fini_array_end = .)
                0x08009b90                        . = ALIGN (0x4)
                0x08009b90                        _sidata = LOADADDR (.data)

.data           0x20000000       0x28 load address 0x08009b90
                0x20000000                        . = ALIGN (0x4)
                0x20000000                        _sdata = .
 *(.data)
 .data          0x20000000        0x4 build/core/FreeRTOS/tasks.o
                0x20000000                uxTopUsedPriority
 .data          0x20000004        0x0 build/core/FreeRTOS/queue.o
 .data          0x20000004        0x0 build/core/FreeRTOS/list.o
 .data          0x20000004        0x0 build/core/scheduler/scheduler.o
 .data          0x20000004        0x0 build/core/scheduler/task_config.o
 .data          0x20000004        0x0 build/domains/Battery/Battery.o
 .data          0x20000004        0x8 build/core/drivers/hal/stm32f4xx_hal.o
                0x20000004                uwTickFreq
                0x20000008                uwTickPrio
 .data          0x2000000c        0x0 build/core/drivers/hal/stm32f4xx_hal_gpio.o
 .data          0x2000000c        0x0 build/core/drivers/hal/stm32f4xx_hal_rcc.o
 .data          0x2000000c        0x4 build/core/FreeRTOS/portable/port.o
 .data          0x20000010        0x0 build/core/FreeRTOS/portable/heap_4.o
 .data          0x20000010        0x0 build/config/FreeRTOSHooks.o
 .data          0x20000010        0x4 build/core/drivers/hal/system_stm32f4xx.o
                0x20000010                SystemCoreClock
 .data          0x20000014        0x0 /var/folders/04/jztsv_x90bb4cpyfwy71xpk80000gn/T//cc0Zucvr.o
 .data          0x20000014        0x0 build/core/FreeRTOS/timers.o
 .data          0x20000014        0x0 build/main.o
 .data          0x20000014        0x0 build/core/drivers/hal/stm32f4xx_hal_cortex.o
 .data          0x20000014        0x0 /var/folders/04/jztsv_x90bb4cpyfwy71xpk80000gn/T//cc2agWVp.o
 .data          0x20000014        0x0 /var/folders/04/jztsv_x90bb4cpyfwy71xpk80000gn/T//ccC9w40I.o
 .data          0x20000014        0x0 /var/folders/04/jztsv_x90bb4cpyfwy71xpk80000gn/T//ccsMju15.o
 .data          0x20000014        0x0 /var/folders/04/jztsv_x90bb4cpyfwy71xpk80000gn/T//ccPNq6eZ.o
 .data          0x20000014        0x0 /var/folders/04/jztsv_x90bb4cpyfwy71xpk80000gn/T//ccXPumeZ.o
 .data          0x20000014        0x0 /var/folders/04/jztsv_x90bb4cpyfwy71xpk80000gn/T//ccapfSp7.o
 .data          0x20000014        0x0 /var/folders/04/jztsv_x90bb4cpyfwy71xpk80000gn/T//ccY1wxQT.o
 .data          0x20000014        0x0 /var/folders/04/jztsv_x90bb4cpyfwy71xpk80000gn/T//ccTpQVg3.o
 .data          0x20000014        0x0 /var/folders/04/jztsv_x90bb4cpyfwy71xpk80000gn/T//ccrEbzjD.o
 .data          0x20000014        0x0 /var/folders/04/jztsv_x90bb4cpyfwy71xpk80000gn/T//cco8Ou8s.o
 .data          0x20000014        0x0 /var/folders/04/jztsv_x90bb4cpyfwy71xpk80000gn/T//ccOnSDms.o
 .data          0x20000014        0x0 /var/folders/04/jztsv_x90bb4cpyfwy71xpk80000gn/T//ccf0xb3i.o
 .data          0x20000014        0x0 /var/folders/04/jztsv_x90bb4cpyfwy71xpk80000gn/T//ccjDkp9Q.o
 .data          0x20000014        0x0 build/core/drivers/hal/startup_stm32f401xc.o
 .data          0x20000014        0x0 /var/folders/04/jztsv_x90bb4cpyfwy71xpk80000gn/T//ccW2Bneg.o
 .data          0x20000014        0x0 /var/folders/04/jztsv_x90bb4cpyfwy71xpk80000gn/T//ccyGLtid.o
 .data          0x20000014        0x0 /var/folders/04/jztsv_x90bb4cpyfwy71xpk80000gn/T//cc3KoXZN.o
 .data          0x20000014        0x0 /opt/arm-toolchain/bin/../lib/gcc/arm-none-eabi/12.3.1/thumb/v7e-m/nofp/libgcc.a(_aeabi_ldivmod.o)
 .data          0x20000014        0x0 /opt/arm-toolchain/bin/../lib/gcc/arm-none-eabi/12.3.1/thumb/v7e-m/nofp/libgcc.a(_aeabi_uldivmod.o)
 .data          0x20000014        0x0 /opt/arm-toolchain/bin/../lib/gcc/arm-none-eabi/12.3.1/thumb/v7e-m/nofp/libgcc.a(_udivmoddi4.o)
 .data          0x20000014        0x0 /opt/arm-toolchain/bin/../lib/gcc/arm-none-eabi/12.3.1/thumb/v7e-m/nofp/libgcc.a(_dvmd_tls.o)
 .data          0x20000014        0x0 /opt/arm-toolchain/bin/../lib/gcc/arm-none-eabi/12.3.1/../../../../arm-none-eabi/lib/thumb/v7e-m/nofp/libg.a(libc_a-memset.o)
 .data          0x20000014        0x0 /opt/arm-toolchain/bin/../lib/gcc/arm-none-eabi/12.3.1/../../../../arm-none-eabi/lib/thumb/v7e-m/nofp/libg.a(libc_a-init.o)
 .data          0x20000014        0x0 /opt/arm-toolchain/bin/../lib/gcc/arm-none-eabi/12.3.1/../../../../arm-none-eabi/lib/thumb/v7e-m/nofp/libg.a(libc_a-memcpy.o)
 .data          0x20000014        0x0 /opt/arm-toolchain/bin/../lib/gcc/arm-none-eabi/12.3.1/../../../../arm-none-eabi/lib/thumb/v7e-m/nofp/libg.a(libc_a-strlen.o)
 *(.data*)
 .data.uxTopUsedPriority
                0x20000014        0x4 /var/folders/04/jztsv_x90bb4cpyfwy71xpk80000gn/T//cc2agWVp.o
 .data.uwTickFreq
                0x20000018        0x1 /var/folders/04/jztsv_x90bb4cpyfwy71xpk80000gn/T//ccY1wxQT.o
 *fill*         0x20000019        0x3 
 .data.uwTickPrio
                0x2000001c        0x4 /var/folders/04/jztsv_x90bb4cpyfwy71xpk80000gn/T//ccY1wxQT.o
 .data.uxCriticalNesting
                0x20000020        0x4 /var/folders/04/jztsv_x90bb4cpyfwy71xpk80000gn/T//cco8Ou8s.o
 .data.SystemCoreClock
                0x20000024        0x4 /var/folders/04/jztsv_x90bb4cpyfwy71xpk80000gn/T//ccjDkp9Q.o
 *(.RamFunc)
 *(.RamFunc*)
                0x20000028                        . = ALIGN (0x4)
                0x20000028                        _edata = .

.igot.plt       0x20000028        0x0 load address 0x08009bb8
 .igot.plt      0x20000028        0x0 build/core/FreeRTOS/tasks.o
                0x20000028                        . = ALIGN (0x4)

.bss            0x20000028     0xcc00 load address 0x08009bb8
                0x20000028                        _sbss = .
                0x20000028                        __bss_start__ = _sbss
 *(.bss)
 .bss           0x20000028      0x168 build/core/FreeRTOS/tasks.o
                0x2000002c                pxCurrentTCB
 .bss           0x20000190       0xa0 build/core/FreeRTOS/queue.o
                0x20000190                xQueueRegistry
 .bss           0x20000230        0x0 build/core/FreeRTOS/list.o
 .bss           0x20000230        0x0 build/core/scheduler/scheduler.o
 .bss           0x20000230       0x10 build/core/scheduler/task_config.o
                0x20000230                BatteryTaskHandle
                0x20000234                UITaskHandle
                0x20000238                ThermalTaskHandle
                0x2000023c                PropulsionTaskHandle
 .bss           0x20000240        0x0 build/domains/Battery/Battery.o
 .bss           0x20000240        0x4 build/core/drivers/hal/stm32f4xx_hal.o
                0x20000240                uwTick
 .bss           0x20000244        0x0 build/core/drivers/hal/stm32f4xx_hal_gpio.o
 .bss           0x20000244        0x0 build/core/drivers/hal/stm32f4xx_hal_rcc.o
 .bss           0x20000244        0x8 build/core/FreeRTOS/portable/port.o
 .bss           0x2000024c      0x3a0 build/core/FreeRTOS/portable/heap_4.o
 .bss           0x200005ec     0x5e70 build/config/FreeRTOSHooks.o
 .bss           0x2000645c        0x0 build/core/drivers/hal/system_stm32f4xx.o
 .bss           0x2000645c        0x0 /var/folders/04/jztsv_x90bb4cpyfwy71xpk80000gn/T//cc0Zucvr.o
 .bss           0x2000645c      0x1cc build/core/FreeRTOS/timers.o
 .bss           0x20006628        0x0 build/main.o
 .bss           0x20006628        0x0 build/core/drivers/hal/stm32f4xx_hal_cortex.o
 .bss           0x20006628        0x0 /var/folders/04/jztsv_x90bb4cpyfwy71xpk80000gn/T//cc2agWVp.o
 .bss           0x20006628        0x0 /var/folders/04/jztsv_x90bb4cpyfwy71xpk80000gn/T//ccC9w40I.o
 .bss           0x20006628        0x0 /var/folders/04/jztsv_x90bb4cpyfwy71xpk80000gn/T//ccsMju15.o
 .bss           0x20006628        0x0 /var/folders/04/jztsv_x90bb4cpyfwy71xpk80000gn/T//ccPNq6eZ.o
 .bss           0x20006628        0x0 /var/folders/04/jztsv_x90bb4cpyfwy71xpk80000gn/T//ccXPumeZ.o
 .bss           0x20006628        0x0 /var/folders/04/jztsv_x90bb4cpyfwy71xpk80000gn/T//ccapfSp7.o
 .bss           0x20006628        0x0 /var/folders/04/jztsv_x90bb4cpyfwy71xpk80000gn/T//ccY1wxQT.o
 .bss           0x20006628        0x0 /var/folders/04/jztsv_x90bb4cpyfwy71xpk80000gn/T//ccTpQVg3.o
 .bss           0x20006628        0x0 /var/folders/04/jztsv_x90bb4cpyfwy71xpk80000gn/T//ccrEbzjD.o
 .bss           0x20006628        0x0 /var/folders/04/jztsv_x90bb4cpyfwy71xpk80000gn/T//cco8Ou8s.o
 .bss           0x20006628        0x0 /var/folders/04/jztsv_x90bb4cpyfwy71xpk80000gn/T//ccOnSDms.o
 .bss           0x20006628        0x0 /var/folders/04/jztsv_x90bb4cpyfwy71xpk80000gn/T//ccf0xb3i.o
 .bss           0x20006628        0x0 /var/folders/04/jztsv_x90bb4cpyfwy71xpk80000gn/T//ccjDkp9Q.o
 .bss           0x20006628        0x0 build/core/drivers/hal/startup_stm32f401xc.o
 .bss           0x20006628        0x0 /var/folders/04/jztsv_x90bb4cpyfwy71xpk80000gn/T//ccW2Bneg.o
 .bss           0x20006628        0x0 /var/folders/04/jztsv_x90bb4cpyfwy71xpk80000gn/T//ccyGLtid.o
 .bss           0x20006628        0x0 /var/folders/04/jztsv_x90bb4cpyfwy71xpk80000gn/T//cc3KoXZN.o
 .bss           0x20006628        0x0 /opt/arm-toolchain/bin/../lib/gcc/arm-none-eabi/12.3.1/thumb/v7e-m/nofp/libgcc.a(_aeabi_ldivmod.o)
 .bss           0x20006628        0x0 /opt/arm-toolchain/bin/../lib/gcc/arm-none-eabi/12.3.1/thumb/v7e-m/nofp/libgcc.a(_aeabi_uldivmod.o)
 .bss           0x20006628        0x0 /opt/arm-toolchain/bin/../lib/gcc/arm-none-eabi/12.3.1/thumb/v7e-m/nofp/libgcc.a(_udivmoddi4.o)
 .bss           0x20006628        0x0 /opt/arm-toolchain/bin/../lib/gcc/arm-none-eabi/12.3.1/thumb/v7e-m/nofp/libgcc.a(_dvmd_tls.o)
 .bss           0x20006628        0x0 /opt/arm-toolchain/bin/../lib/gcc/arm-none-eabi/12.3.1/../../../../arm-none-eabi/lib/thumb/v7e-m/nofp/libg.a(libc_a-memset.o)
 .bss           0x20006628        0x0 /opt/arm-toolchain/bin/../lib/gcc/arm-none-eabi/12.3.1/../../../../arm-none-eabi/lib/thumb/v7e-m/nofp/libg.a(libc_a-init.o)
 .bss           0x20006628        0x0 /opt/arm-toolchain/bin/../lib/gcc/arm-none-eabi/12.3.1/../../../../arm-none-eabi/lib/thumb/v7e-m/nofp/libg.a(libc_a-memcpy.o)
 .bss           0x20006628        0x0 /opt/arm-toolchain/bin/../lib/gcc/arm-none-eabi/12.3.1/../../../../arm-none-eabi/lib/thumb/v7e-m/nofp/libg.a(libc_a-strlen.o)
 *(.bss*)
 .bss.uxSchedulerSuspended
                0x20006628        0x4 /var/folders/04/jztsv_x90bb4cpyfwy71xpk80000gn/T//cc2agWVp.o
 .bss.xIdleTaskHandle
                0x2000662c        0x4 /var/folders/04/jztsv_x90bb4cpyfwy71xpk80000gn/T//cc2agWVp.o
 .bss.xNextTaskUnblockTime
                0x20006630        0x4 /var/folders/04/jztsv_x90bb4cpyfwy71xpk80000gn/T//cc2agWVp.o
 .bss.uxTaskNumber
                0x20006634        0x4 /var/folders/04/jztsv_x90bb4cpyfwy71xpk80000gn/T//cc2agWVp.o
 .bss.xNumOfOverflows
                0x20006638        0x4 /var/folders/04/jztsv_x90bb4cpyfwy71xpk80000gn/T//cc2agWVp.o
 .bss.xYieldPending
                0x2000663c        0x4 /var/folders/04/jztsv_x90bb4cpyfwy71xpk80000gn/T//cc2agWVp.o
 .bss.xPendedTicks
                0x20006640        0x4 /var/folders/04/jztsv_x90bb4cpyfwy71xpk80000gn/T//cc2agWVp.o
 .bss.xSchedulerRunning
                0x20006644        0x4 /var/folders/04/jztsv_x90bb4cpyfwy71xpk80000gn/T//cc2agWVp.o
 .bss.uxTopReadyPriority
                0x20006648        0x4 /var/folders/04/jztsv_x90bb4cpyfwy71xpk80000gn/T//cc2agWVp.o
 .bss.xTickCount
                0x2000664c        0x4 /var/folders/04/jztsv_x90bb4cpyfwy71xpk80000gn/T//cc2agWVp.o
 .bss.uxCurrentNumberOfTasks
                0x20006650        0x4 /var/folders/04/jztsv_x90bb4cpyfwy71xpk80000gn/T//cc2agWVp.o
 .bss.xSuspendedTaskList
                0x20006654       0x14 /var/folders/04/jztsv_x90bb4cpyfwy71xpk80000gn/T//cc2agWVp.o
 .bss.uxDeletedTasksWaitingCleanUp
                0x20006668        0x4 /var/folders/04/jztsv_x90bb4cpyfwy71xpk80000gn/T//cc2agWVp.o
 .bss.xTasksWaitingTermination
                0x2000666c       0x14 /var/folders/04/jztsv_x90bb4cpyfwy71xpk80000gn/T//cc2agWVp.o
 .bss.xPendingReadyList
                0x20006680       0x14 /var/folders/04/jztsv_x90bb4cpyfwy71xpk80000gn/T//cc2agWVp.o
 .bss.pxOverflowDelayedTaskList
                0x20006694        0x4 /var/folders/04/jztsv_x90bb4cpyfwy71xpk80000gn/T//cc2agWVp.o
 .bss.pxDelayedTaskList
                0x20006698        0x4 /var/folders/04/jztsv_x90bb4cpyfwy71xpk80000gn/T//cc2agWVp.o
 .bss.xDelayedTaskList2
                0x2000669c       0x14 /var/folders/04/jztsv_x90bb4cpyfwy71xpk80000gn/T//cc2agWVp.o
 .bss.xDelayedTaskList1
                0x200066b0       0x14 /var/folders/04/jztsv_x90bb4cpyfwy71xpk80000gn/T//cc2agWVp.o
 .bss.pxReadyTasksLists
                0x200066c4       0xc8 /var/folders/04/jztsv_x90bb4cpyfwy71xpk80000gn/T//cc2agWVp.o
 .bss.pxCurrentTCB
                0x2000678c        0x4 /var/folders/04/jztsv_x90bb4cpyfwy71xpk80000gn/T//cc2agWVp.o
 .bss.xQueueRegistry
                0x20006790       0xa0 /var/folders/04/jztsv_x90bb4cpyfwy71xpk80000gn/T//ccC9w40I.o
 .bss.UITaskHandle
                0x20006830        0x4 /var/folders/04/jztsv_x90bb4cpyfwy71xpk80000gn/T//ccXPumeZ.o
 .bss.ThermalTaskHandle
                0x20006834        0x4 /var/folders/04/jztsv_x90bb4cpyfwy71xpk80000gn/T//ccXPumeZ.o
 .bss.PropulsionTaskHandle
                0x20006838        0x4 /var/folders/04/jztsv_x90bb4cpyfwy71xpk80000gn/T//ccXPumeZ.o
 .bss.BatteryTaskHandle
                0x2000683c        0x4 /var/folders/04/jztsv_x90bb4cpyfwy71xpk80000gn/T//ccXPumeZ.o
 .bss.uwTick    0x20006840        0x4 /var/folders/04/jztsv_x90bb4cpyfwy71xpk80000gn/T//ccY1wxQT.o
 .bss.ulMaxPRIGROUPValue
                0x20006844        0x4 /var/folders/04/jztsv_x90bb4cpyfwy71xpk80000gn/T//cco8Ou8s.o
 .bss.ucMaxSysCallPriority
                0x20006848        0x1 /var/folders/04/jztsv_x90bb4cpyfwy71xpk80000gn/T//cco8Ou8s.o
 *fill*         0x20006849        0x3 
 .bss.xNumberOfSuccessfulFrees
                0x2000684c        0x4 /var/folders/04/jztsv_x90bb4cpyfwy71xpk80000gn/T//ccOnSDms.o
 .bss.xNumberOfSuccessfulAllocations
                0x20006850        0x4 /var/folders/04/jztsv_x90bb4cpyfwy71xpk80000gn/T//ccOnSDms.o
 .bss.xMinimumEverFreeBytesRemaining
                0x20006854        0x4 /var/folders/04/jztsv_x90bb4cpyfwy71xpk80000gn/T//ccOnSDms.o
 .bss.xFreeBytesRemaining
                0x20006858        0x4 /var/folders/04/jztsv_x90bb4cpyfwy71xpk80000gn/T//ccOnSDms.o
 .bss.pxEnd     0x2000685c        0x4 /var/folders/04/jztsv_x90bb4cpyfwy71xpk80000gn/T//ccOnSDms.o
 .bss.xStart    0x20006860        0x8 /var/folders/04/jztsv_x90bb4cpyfwy71xpk80000gn/T//ccOnSDms.o
 .bss.ucHeap    0x20006868      0x384 /var/folders/04/jztsv_x90bb4cpyfwy71xpk80000gn/T//ccOnSDms.o
 .bss.xTimerTaskStack.0
                0x20006bec     0x3e80 /var/folders/04/jztsv_x90bb4cpyfwy71xpk80000gn/T//ccf0xb3i.o
 .bss.xTimerTaskTCB.1
                0x2000aa6c       0x58 /var/folders/04/jztsv_x90bb4cpyfwy71xpk80000gn/T//ccf0xb3i.o
 .bss.xIdleTaskStack.2
                0x2000aac4     0x1f40 /var/folders/04/jztsv_x90bb4cpyfwy71xpk80000gn/T//ccf0xb3i.o
 .bss.xIdleTaskTCB.3
                0x2000ca04       0x58 /var/folders/04/jztsv_x90bb4cpyfwy71xpk80000gn/T//ccf0xb3i.o
 .bss.xStaticTimerQueue.0
                0x2000ca5c       0x50 /var/folders/04/jztsv_x90bb4cpyfwy71xpk80000gn/T//ccW2Bneg.o
 .bss.ucStaticTimerQueueStorage.1
                0x2000caac      0x140 /var/folders/04/jztsv_x90bb4cpyfwy71xpk80000gn/T//ccW2Bneg.o
 .bss.xLastTime.2
                0x2000cbec        0x4 /var/folders/04/jztsv_x90bb4cpyfwy71xpk80000gn/T//ccW2Bneg.o
 .bss.xTimerTaskHandle
                0x2000cbf0        0x4 /var/folders/04/jztsv_x90bb4cpyfwy71xpk80000gn/T//ccW2Bneg.o
 .bss.xTimerQueue
                0x2000cbf4        0x4 /var/folders/04/jztsv_x90bb4cpyfwy71xpk80000gn/T//ccW2Bneg.o
 .bss.pxOverflowTimerList
                0x2000cbf8        0x4 /var/folders/04/jztsv_x90bb4cpyfwy71xpk80000gn/T//ccW2Bneg.o
 .bss.pxCurrentTimerList
                0x2000cbfc        0x4 /var/folders/04/jztsv_x90bb4cpyfwy71xpk80000gn/T//ccW2Bneg.o
 .bss.xActiveTimerList2
                0x2000cc00       0x14 /var/folders/04/jztsv_x90bb4cpyfwy71xpk80000gn/T//ccW2Bneg.o
 .bss.xActiveTimerList1
                0x2000cc14       0x14 /var/folders/04/jztsv_x90bb4cpyfwy71xpk80000gn/T//ccW2Bneg.o
 *(COMMON)
                0x2000cc28                        . = ALIGN (0x4)
                0x2000cc28                        _ebss = .
                0x2000cc28                        __bss_end__ = _ebss

._user_heap_stack
                0x2000cc28      0x600 load address 0x08009bb8
                0x2000cc28                        . = ALIGN (0x8)
                [!provide]                        PROVIDE (end = .)
                [!provide]                        PROVIDE (_end = .)
                0x2000ce28                        . = (. + _Min_Heap_Size)
 *fill*         0x2000cc28      0x200 
                0x2000d228                        . = (. + _Min_Stack_Size)
 *fill*         0x2000ce28      0x400 
                0x2000d228                        . = ALIGN (0x8)

/DISCARD/
 libc.a(*)
 libm.a(*)
 libgcc.a(*)

.ARM.attributes
                0x00000000       0x2c
 *(.ARM.attributes)
 .ARM.attributes
                0x00000000       0x2e build/core/FreeRTOS/tasks.o
 .ARM.attributes
                0x0000002e       0x2e build/core/FreeRTOS/queue.o
 .ARM.attributes
                0x0000005c       0x2e build/core/FreeRTOS/list.o
 .ARM.attributes
                0x0000008a       0x2e build/core/scheduler/scheduler.o
 .ARM.attributes
                0x000000b8       0x2e build/core/scheduler/task_config.o
 .ARM.attributes
                0x000000e6       0x2e build/domains/Battery/Battery.o
 .ARM.attributes
                0x00000114       0x2e build/core/drivers/hal/stm32f4xx_hal.o
 .ARM.attributes
                0x00000142       0x2e build/core/drivers/hal/stm32f4xx_hal_gpio.o
 .ARM.attributes
                0x00000170       0x2e build/core/drivers/hal/stm32f4xx_hal_rcc.o
 .ARM.attributes
                0x0000019e       0x2e build/core/FreeRTOS/portable/port.o
 .ARM.attributes
                0x000001cc       0x2e build/core/FreeRTOS/portable/heap_4.o
 .ARM.attributes
                0x000001fa       0x2e build/config/FreeRTOSHooks.o
 .ARM.attributes
                0x00000228       0x2e build/core/drivers/hal/system_stm32f4xx.o
 .ARM.attributes
                0x00000256       0x21 /var/folders/04/jztsv_x90bb4cpyfwy71xpk80000gn/T//cc0Zucvr.o
 .ARM.attributes
                0x00000277       0x2e build/core/FreeRTOS/timers.o
 .ARM.attributes
                0x000002a5       0x2e build/main.o
 .ARM.attributes
                0x000002d3       0x2e build/core/drivers/hal/stm32f4xx_hal_cortex.o
 .ARM.attributes
                0x00000301       0x2e /var/folders/04/jztsv_x90bb4cpyfwy71xpk80000gn/T//cc2agWVp.o
 .ARM.attributes
                0x0000032f       0x2e /var/folders/04/jztsv_x90bb4cpyfwy71xpk80000gn/T//ccC9w40I.o
 .ARM.attributes
                0x0000035d       0x2e /var/folders/04/jztsv_x90bb4cpyfwy71xpk80000gn/T//ccsMju15.o
 .ARM.attributes
                0x0000038b       0x2e /var/folders/04/jztsv_x90bb4cpyfwy71xpk80000gn/T//ccPNq6eZ.o
 .ARM.attributes
                0x000003b9       0x2e /var/folders/04/jztsv_x90bb4cpyfwy71xpk80000gn/T//ccXPumeZ.o
 .ARM.attributes
                0x000003e7       0x2e /var/folders/04/jztsv_x90bb4cpyfwy71xpk80000gn/T//ccapfSp7.o
 .ARM.attributes
                0x00000415       0x2e /var/folders/04/jztsv_x90bb4cpyfwy71xpk80000gn/T//ccY1wxQT.o
 .ARM.attributes
                0x00000443       0x2e /var/folders/04/jztsv_x90bb4cpyfwy71xpk80000gn/T//ccTpQVg3.o
 .ARM.attributes
                0x00000471       0x2e /var/folders/04/jztsv_x90bb4cpyfwy71xpk80000gn/T//ccrEbzjD.o
 .ARM.attributes
                0x0000049f       0x2e /var/folders/04/jztsv_x90bb4cpyfwy71xpk80000gn/T//cco8Ou8s.o
 .ARM.attributes
                0x000004cd       0x2e /var/folders/04/jztsv_x90bb4cpyfwy71xpk80000gn/T//ccOnSDms.o
 .ARM.attributes
                0x000004fb       0x2e /var/folders/04/jztsv_x90bb4cpyfwy71xpk80000gn/T//ccf0xb3i.o
 .ARM.attributes
                0x00000529       0x2e /var/folders/04/jztsv_x90bb4cpyfwy71xpk80000gn/T//ccjDkp9Q.o
 .ARM.attributes
                0x00000557       0x21 build/core/drivers/hal/startup_stm32f401xc.o
 .ARM.attributes
                0x00000578       0x2e /var/folders/04/jztsv_x90bb4cpyfwy71xpk80000gn/T//ccW2Bneg.o
 .ARM.attributes
                0x000005a6       0x2e /var/folders/04/jztsv_x90bb4cpyfwy71xpk80000gn/T//ccyGLtid.o
 .ARM.attributes
                0x000005d4       0x2e /var/folders/04/jztsv_x90bb4cpyfwy71xpk80000gn/T//cc3KoXZN.o
 .ARM.attributes
                0x00000602       0x1e /opt/arm-toolchain/bin/../lib/gcc/arm-none-eabi/12.3.1/thumb/v7e-m/nofp/libgcc.a(_aeabi_ldivmod.o)
 .ARM.attributes
                0x00000620       0x1e /opt/arm-toolchain/bin/../lib/gcc/arm-none-eabi/12.3.1/thumb/v7e-m/nofp/libgcc.a(_aeabi_uldivmod.o)
 .ARM.attributes
                0x0000063e       0x2e /opt/arm-toolchain/bin/../lib/gcc/arm-none-eabi/12.3.1/thumb/v7e-m/nofp/libgcc.a(_udivmoddi4.o)
 .ARM.attributes
                0x0000066c       0x1e /opt/arm-toolchain/bin/../lib/gcc/arm-none-eabi/12.3.1/thumb/v7e-m/nofp/libgcc.a(_dvmd_tls.o)
 .ARM.attributes
                0x0000068a       0x2e /opt/arm-toolchain/bin/../lib/gcc/arm-none-eabi/12.3.1/../../../../arm-none-eabi/lib/thumb/v7e-m/nofp/libg.a(libc_a-memset.o)
 .ARM.attributes
                0x000006b8       0x2e /opt/arm-toolchain/bin/../lib/gcc/arm-none-eabi/12.3.1/../../../../arm-none-eabi/lib/thumb/v7e-m/nofp/libg.a(libc_a-init.o)
 .ARM.attributes
                0x000006e6       0x1c /opt/arm-toolchain/bin/../lib/gcc/arm-none-eabi/12.3.1/../../../../arm-none-eabi/lib/thumb/v7e-m/nofp/libg.a(libc_a-memcpy.o)
 .ARM.attributes
                0x00000702       0x1c /opt/arm-toolchain/bin/../lib/gcc/arm-none-eabi/12.3.1/../../../../arm-none-eabi/lib/thumb/v7e-m/nofp/libg.a(libc_a-strlen.o)
OUTPUT(build/RTOSDemo.axf elf32-littlearm)
LOAD linker stubs
LOAD /opt/arm-toolchain/bin/../lib/gcc/arm-none-eabi/12.3.1/../../../../arm-none-eabi/lib/thumb/v7e-m/nofp/libc.a
LOAD /opt/arm-toolchain/bin/../lib/gcc/arm-none-eabi/12.3.1/../../../../arm-none-eabi/lib/thumb/v7e-m/nofp/libm.a
LOAD /opt/arm-toolchain/bin/../lib/gcc/arm-none-eabi/12.3.1/thumb/v7e-m/nofp/libgcc.a

.debug_info     0x00000000    0x1926f
 .debug_info    0x00000000     0x38e1 build/core/FreeRTOS/tasks.o
 .debug_info    0x000038e1     0x2c05 build/core/FreeRTOS/queue.o
 .debug_info    0x000064e6      0x2c3 build/core/FreeRTOS/list.o
 .debug_info    0x000067a9      0x21d build/core/scheduler/scheduler.o
 .debug_info    0x000069c6      0x1cd build/core/scheduler/task_config.o
 .debug_info    0x00006b93      0x1e1 build/domains/Battery/Battery.o
 .debug_info    0x00006d74      0x993 build/core/drivers/hal/stm32f4xx_hal.o
 .debug_info    0x00007707      0x746 build/core/drivers/hal/stm32f4xx_hal_gpio.o
 .debug_info    0x00007e4d      0xb19 build/core/drivers/hal/stm32f4xx_hal_rcc.o
 .debug_info    0x00008966      0x4c7 build/core/FreeRTOS/portable/port.o
 .debug_info    0x00008e2d      0x631 build/core/FreeRTOS/portable/heap_4.o
 .debug_info    0x0000945e      0x341 build/config/FreeRTOSHooks.o
 .debug_info    0x0000979f      0x359 build/core/drivers/hal/system_stm32f4xx.o
 .debug_info    0x00009af8       0x30 /var/folders/04/jztsv_x90bb4cpyfwy71xpk80000gn/T//cc0Zucvr.o
 .debug_info    0x00009b28     0x1cf3 build/core/FreeRTOS/timers.o
 .debug_info    0x0000b81b      0x1c1 build/main.o
 .debug_info    0x0000b9dc      0xf5c build/core/drivers/hal/stm32f4xx_hal_cortex.o
 .debug_info    0x0000c938     0x38e6 /var/folders/04/jztsv_x90bb4cpyfwy71xpk80000gn/T//cc2agWVp.o
 .debug_info    0x0001021e     0x2c05 /var/folders/04/jztsv_x90bb4cpyfwy71xpk80000gn/T//ccC9w40I.o
 .debug_info    0x00012e23      0x2c3 /var/folders/04/jztsv_x90bb4cpyfwy71xpk80000gn/T//ccsMju15.o
 .debug_info    0x000130e6      0x21d /var/folders/04/jztsv_x90bb4cpyfwy71xpk80000gn/T//ccPNq6eZ.o
 .debug_info    0x00013303      0x1cd /var/folders/04/jztsv_x90bb4cpyfwy71xpk80000gn/T//ccXPumeZ.o
 .debug_info    0x000134d0      0x1e1 /var/folders/04/jztsv_x90bb4cpyfwy71xpk80000gn/T//ccapfSp7.o
 .debug_info    0x000136b1      0x993 /var/folders/04/jztsv_x90bb4cpyfwy71xpk80000gn/T//ccY1wxQT.o
 .debug_info    0x00014044      0x746 /var/folders/04/jztsv_x90bb4cpyfwy71xpk80000gn/T//ccTpQVg3.o
 .debug_info    0x0001478a      0xb19 /var/folders/04/jztsv_x90bb4cpyfwy71xpk80000gn/T//ccrEbzjD.o
 .debug_info    0x000152a3      0x4c7 /var/folders/04/jztsv_x90bb4cpyfwy71xpk80000gn/T//cco8Ou8s.o
 .debug_info    0x0001576a      0x62f /var/folders/04/jztsv_x90bb4cpyfwy71xpk80000gn/T//ccOnSDms.o
 .debug_info    0x00015d99      0x341 /var/folders/04/jztsv_x90bb4cpyfwy71xpk80000gn/T//ccf0xb3i.o
 .debug_info    0x000160da      0x359 /var/folders/04/jztsv_x90bb4cpyfwy71xpk80000gn/T//ccjDkp9Q.o
 .debug_info    0x00016433       0x30 build/core/drivers/hal/startup_stm32f401xc.o
 .debug_info    0x00016463     0x1cef /var/folders/04/jztsv_x90bb4cpyfwy71xpk80000gn/T//ccW2Bneg.o
 .debug_info    0x00018152      0x1c1 /var/folders/04/jztsv_x90bb4cpyfwy71xpk80000gn/T//ccyGLtid.o
 .debug_info    0x00018313      0xf5c /var/folders/04/jztsv_x90bb4cpyfwy71xpk80000gn/T//cc3KoXZN.o

.debug_abbrev   0x00000000     0x4e54
 .debug_abbrev  0x00000000      0x56f build/core/FreeRTOS/tasks.o
 .debug_abbrev  0x0000056f      0x4cf build/core/FreeRTOS/queue.o
 .debug_abbrev  0x00000a3e      0x10c build/core/FreeRTOS/list.o
 .debug_abbrev  0x00000b4a      0x12e build/core/scheduler/scheduler.o
 .debug_abbrev  0x00000c78       0xe9 build/core/scheduler/task_config.o
 .debug_abbrev  0x00000d61      0x12a build/domains/Battery/Battery.o
 .debug_abbrev  0x00000e8b      0x2bc build/core/drivers/hal/stm32f4xx_hal.o
 .debug_abbrev  0x00001147      0x216 build/core/drivers/hal/stm32f4xx_hal_gpio.o
 .debug_abbrev  0x0000135d      0x34f build/core/drivers/hal/stm32f4xx_hal_rcc.o
 .debug_abbrev  0x000016ac      0x290 build/core/FreeRTOS/portable/port.o
 .debug_abbrev  0x0000193c      0x2b5 build/core/FreeRTOS/portable/heap_4.o
 .debug_abbrev  0x00001bf1      0x108 build/config/FreeRTOSHooks.o
 .debug_abbrev  0x00001cf9      0x122 build/core/drivers/hal/system_stm32f4xx.o
 .debug_abbrev  0x00001e1b       0x24 /var/folders/04/jztsv_x90bb4cpyfwy71xpk80000gn/T//cc0Zucvr.o
 .debug_abbrev  0x00001e3f      0x46c build/core/FreeRTOS/timers.o
 .debug_abbrev  0x000022ab       0xfd build/main.o
 .debug_abbrev  0x000023a8      0x393 build/core/drivers/hal/stm32f4xx_hal_cortex.o
 .debug_abbrev  0x0000273b      0x54e /var/folders/04/jztsv_x90bb4cpyfwy71xpk80000gn/T//cc2agWVp.o
 .debug_abbrev  0x00002c89      0x4cf /var/folders/04/jztsv_x90bb4cpyfwy71xpk80000gn/T//ccC9w40I.o
 .debug_abbrev  0x00003158      0x10c /var/folders/04/jztsv_x90bb4cpyfwy71xpk80000gn/T//ccsMju15.o
 .debug_abbrev  0x00003264      0x12e /var/folders/04/jztsv_x90bb4cpyfwy71xpk80000gn/T//ccPNq6eZ.o
 .debug_abbrev  0x00003392       0xe9 /var/folders/04/jztsv_x90bb4cpyfwy71xpk80000gn/T//ccXPumeZ.o
 .debug_abbrev  0x0000347b      0x12a /var/folders/04/jztsv_x90bb4cpyfwy71xpk80000gn/T//ccapfSp7.o
 .debug_abbrev  0x000035a5      0x2bc /var/folders/04/jztsv_x90bb4cpyfwy71xpk80000gn/T//ccY1wxQT.o
 .debug_abbrev  0x00003861      0x216 /var/folders/04/jztsv_x90bb4cpyfwy71xpk80000gn/T//ccTpQVg3.o
 .debug_abbrev  0x00003a77      0x34f /var/folders/04/jztsv_x90bb4cpyfwy71xpk80000gn/T//ccrEbzjD.o
 .debug_abbrev  0x00003dc6      0x290 /var/folders/04/jztsv_x90bb4cpyfwy71xpk80000gn/T//cco8Ou8s.o
 .debug_abbrev  0x00004056      0x2b0 /var/folders/04/jztsv_x90bb4cpyfwy71xpk80000gn/T//ccOnSDms.o
 .debug_abbrev  0x00004306      0x108 /var/folders/04/jztsv_x90bb4cpyfwy71xpk80000gn/T//ccf0xb3i.o
 .debug_abbrev  0x0000440e      0x122 /var/folders/04/jztsv_x90bb4cpyfwy71xpk80000gn/T//ccjDkp9Q.o
 .debug_abbrev  0x00004530       0x24 build/core/drivers/hal/startup_stm32f401xc.o
 .debug_abbrev  0x00004554      0x470 /var/folders/04/jztsv_x90bb4cpyfwy71xpk80000gn/T//ccW2Bneg.o
 .debug_abbrev  0x000049c4       0xfd /var/folders/04/jztsv_x90bb4cpyfwy71xpk80000gn/T//ccyGLtid.o
 .debug_abbrev  0x00004ac1      0x393 /var/folders/04/jztsv_x90bb4cpyfwy71xpk80000gn/T//cc3KoXZN.o

.debug_loclists
                0x00000000     0xb8a4
 .debug_loclists
                0x00000000     0x208f build/core/FreeRTOS/tasks.o
 .debug_loclists
                0x0000208f     0x1bb1 build/core/FreeRTOS/queue.o
 .debug_loclists
                0x00003c40       0x67 build/core/FreeRTOS/list.o
 .debug_loclists
                0x00003ca7       0x54 build/core/scheduler/scheduler.o
 .debug_loclists
                0x00003cfb       0x1e build/domains/Battery/Battery.o
 .debug_loclists
                0x00003d19       0xd6 build/core/drivers/hal/stm32f4xx_hal.o
 .debug_loclists
                0x00003def      0x356 build/core/drivers/hal/stm32f4xx_hal_gpio.o
 .debug_loclists
                0x00004145      0x356 build/core/drivers/hal/stm32f4xx_hal_rcc.o
 .debug_loclists
                0x0000449b       0x84 build/core/FreeRTOS/portable/port.o
 .debug_loclists
                0x0000451f      0x38a build/core/FreeRTOS/portable/heap_4.o
 .debug_loclists
                0x000048a9       0xb2 build/core/drivers/hal/system_stm32f4xx.o
 .debug_loclists
                0x0000495b      0xeaf build/core/FreeRTOS/timers.o
 .debug_loclists
                0x0000580a       0x17 build/main.o
 .debug_loclists
                0x00005821      0x49b build/core/drivers/hal/stm32f4xx_hal_cortex.o
 .debug_loclists
                0x00005cbc     0x2065 /var/folders/04/jztsv_x90bb4cpyfwy71xpk80000gn/T//cc2agWVp.o
 .debug_loclists
                0x00007d21     0x1aeb /var/folders/04/jztsv_x90bb4cpyfwy71xpk80000gn/T//ccC9w40I.o
 .debug_loclists
                0x0000980c       0x78 /var/folders/04/jztsv_x90bb4cpyfwy71xpk80000gn/T//ccsMju15.o
 .debug_loclists
                0x00009884       0x68 /var/folders/04/jztsv_x90bb4cpyfwy71xpk80000gn/T//ccPNq6eZ.o
 .debug_loclists
                0x000098ec       0x23 /var/folders/04/jztsv_x90bb4cpyfwy71xpk80000gn/T//ccapfSp7.o
 .debug_loclists
                0x0000990f       0xe2 /var/folders/04/jztsv_x90bb4cpyfwy71xpk80000gn/T//ccY1wxQT.o
 .debug_loclists
                0x000099f1      0x37a /var/folders/04/jztsv_x90bb4cpyfwy71xpk80000gn/T//ccTpQVg3.o
 .debug_loclists
                0x00009d6b      0x354 /var/folders/04/jztsv_x90bb4cpyfwy71xpk80000gn/T//ccrEbzjD.o
 .debug_loclists
                0x0000a0bf       0x92 /var/folders/04/jztsv_x90bb4cpyfwy71xpk80000gn/T//cco8Ou8s.o
 .debug_loclists
                0x0000a151      0x34a /var/folders/04/jztsv_x90bb4cpyfwy71xpk80000gn/T//ccOnSDms.o
 .debug_loclists
                0x0000a49b       0xcb /var/folders/04/jztsv_x90bb4cpyfwy71xpk80000gn/T//ccjDkp9Q.o
 .debug_loclists
                0x0000a566      0xe54 /var/folders/04/jztsv_x90bb4cpyfwy71xpk80000gn/T//ccW2Bneg.o
 .debug_loclists
                0x0000b3ba       0x17 /var/folders/04/jztsv_x90bb4cpyfwy71xpk80000gn/T//ccyGLtid.o
 .debug_loclists
                0x0000b3d1      0x4d3 /var/folders/04/jztsv_x90bb4cpyfwy71xpk80000gn/T//cc3KoXZN.o

.debug_aranges  0x00000000      0xae0
 .debug_aranges
                0x00000000       0x20 build/core/FreeRTOS/tasks.o
 .debug_aranges
                0x00000020       0x20 build/core/FreeRTOS/queue.o
 .debug_aranges
                0x00000040       0x20 build/core/FreeRTOS/list.o
 .debug_aranges
                0x00000060       0x20 build/core/scheduler/scheduler.o
 .debug_aranges
                0x00000080       0x20 build/core/scheduler/task_config.o
 .debug_aranges
                0x000000a0       0x20 build/domains/Battery/Battery.o
 .debug_aranges
                0x000000c0       0x20 build/core/drivers/hal/stm32f4xx_hal.o
 .debug_aranges
                0x000000e0       0x20 build/core/drivers/hal/stm32f4xx_hal_gpio.o
 .debug_aranges
                0x00000100       0x20 build/core/drivers/hal/stm32f4xx_hal_rcc.o
 .debug_aranges
                0x00000120       0x20 build/core/FreeRTOS/portable/port.o
 .debug_aranges
                0x00000140       0x20 build/core/FreeRTOS/portable/heap_4.o
 .debug_aranges
                0x00000160       0x20 build/config/FreeRTOSHooks.o
 .debug_aranges
                0x00000180       0x20 build/core/drivers/hal/system_stm32f4xx.o
 .debug_aranges
                0x000001a0       0x28 /var/folders/04/jztsv_x90bb4cpyfwy71xpk80000gn/T//cc0Zucvr.o
 .debug_aranges
                0x000001c8       0x20 build/core/FreeRTOS/timers.o
 .debug_aranges
                0x000001e8       0x28 build/main.o
 .debug_aranges
                0x00000210       0x20 build/core/drivers/hal/stm32f4xx_hal_cortex.o
 .debug_aranges
                0x00000230      0x208 /var/folders/04/jztsv_x90bb4cpyfwy71xpk80000gn/T//cc2agWVp.o
 .debug_aranges
                0x00000438      0x128 /var/folders/04/jztsv_x90bb4cpyfwy71xpk80000gn/T//ccC9w40I.o
 .debug_aranges
                0x00000560       0x40 /var/folders/04/jztsv_x90bb4cpyfwy71xpk80000gn/T//ccsMju15.o
 .debug_aranges
                0x000005a0       0x30 /var/folders/04/jztsv_x90bb4cpyfwy71xpk80000gn/T//ccPNq6eZ.o
 .debug_aranges
                0x000005d0       0x20 /var/folders/04/jztsv_x90bb4cpyfwy71xpk80000gn/T//ccXPumeZ.o
 .debug_aranges
                0x000005f0       0x20 /var/folders/04/jztsv_x90bb4cpyfwy71xpk80000gn/T//ccapfSp7.o
 .debug_aranges
                0x00000610       0xf0 /var/folders/04/jztsv_x90bb4cpyfwy71xpk80000gn/T//ccY1wxQT.o
 .debug_aranges
                0x00000700       0x58 /var/folders/04/jztsv_x90bb4cpyfwy71xpk80000gn/T//ccTpQVg3.o
 .debug_aranges
                0x00000758       0x88 /var/folders/04/jztsv_x90bb4cpyfwy71xpk80000gn/T//ccrEbzjD.o
 .debug_aranges
                0x000007e0       0x78 /var/folders/04/jztsv_x90bb4cpyfwy71xpk80000gn/T//cco8Ou8s.o
 .debug_aranges
                0x00000858       0x58 /var/folders/04/jztsv_x90bb4cpyfwy71xpk80000gn/T//ccOnSDms.o
 .debug_aranges